Archive member included because of file (symbol)

lib/Lyoscrt.a(printf.o)       kernel/main.o (printf)
lib/Lyoscrt.a(vsprintf.o)     kernel/main.o (vsprintf)
lib/Lyoscrt.a(string.o)       kernel/start.o (memcpy)
lib/Lyoscrt.a(misc.o)         kernel/main.o (send_recv)
lib/Lyoscrt.a(open.o)         kernel/main.o (open)
lib/Lyoscrt.a(read.o)         kernel/main.o (read)
lib/Lyoscrt.a(write.o)        kernel/main.o (write)
lib/Lyoscrt.a(close.o)        kernel/main.o (close)
lib/Lyoscrt.a(lseek.o)        kernel/main.o (lseek)
lib/Lyoscrt.a(getpid.o)       mm/signal.o (getpid)
lib/Lyoscrt.a(stat.o)         mm/exec.o (stat)
lib/Lyoscrt.a(fork.o)         kernel/main.o (fork)
lib/Lyoscrt.a(wait.o)         kernel/main.o (wait)
lib/Lyoscrt.a(exec.o)         kernel/main.o (execv)
lib/Lyoscrt.a(uname.o)        kernel/main.o (uname)
lib/Lyoscrt.a(syscall.o)      lib/Lyoscrt.a(misc.o) (sendrec)

Allocating common symbols
Common symbol       size              file

rd_length           0x4               kernel/global.o
idt_ptr             0x6               kernel/global.o
inode_table         0xb00             kernel/global.o
task_stack          0x38000           kernel/global.o
errno               0x4               kernel/global.o
mem_start           0x4               kernel/global.o
k_reenter           0x4               kernel/global.o
buffer_base         0x4               kernel/global.o
gdt                 0x400             kernel/global.o
current_console     0x4               kernel/global.o
pcaller             0x4               kernel/global.o
tty_table           0xcd2             kernel/global.o
buffer_length       0x4               kernel/global.o
tss                 0x68              kernel/global.o
fs_msg              0x30              kernel/global.o
reply               0x7               drivers/blk_dev/floppy.o
memory_size         0x4               kernel/global.o
f_desc_table        0x500             kernel/global.o
root_inode          0x4               kernel/global.o
current             0x4               kernel/global.o
disp_pos            0x4               kernel/global.o
mm_msg              0x30              kernel/global.o
key_pressed         0x4               kernel/global.o
buffer_table        0x1414            kernel/global.o
gdt_ptr             0x6               kernel/global.o
kernel_addr         0x4               kernel/global.o
jiffies             0x4               kernel/global.o
idt                 0x800             kernel/global.o
super_block         0x1e0             kernel/global.o
PARTITION_ENTRY     0x10              drivers/blk_dev/hd.o
console_table       0x7e              kernel/global.o
rd_base             0x4               kernel/global.o
irq_table           0x40              kernel/global.o
drive_type          0x10              drivers/blk_dev/floppy.o
proc_table          0x86dc            kernel/global.o
nr_buffer           0x4               kernel/global.o

Discarded input sections

 .note.GNU-stack
                0x0000000000000000        0x0 kernel/start.o
 .note.GNU-stack
                0x0000000000000000        0x0 kernel/main.o
 .note.GNU-stack
                0x0000000000000000        0x0 kernel/clock.o
 .note.GNU-stack
                0x0000000000000000        0x0 drivers/chr_dev/keyboard.o
 .note.GNU-stack
                0x0000000000000000        0x0 drivers/chr_dev/tty.o
 .note.GNU-stack
                0x0000000000000000        0x0 drivers/chr_dev/console.o
 .note.GNU-stack
                0x0000000000000000        0x0 kernel/i8259.o
 .note.GNU-stack
                0x0000000000000000        0x0 kernel/global.o
 .note.GNU-stack
                0x0000000000000000        0x0 kernel/protect.o
 .note.GNU-stack
                0x0000000000000000        0x0 kernel/proc.o
 .note.GNU-stack
                0x0000000000000000        0x0 kernel/systask.o
 .note.GNU-stack
                0x0000000000000000        0x0 drivers/driver.o
 .note.GNU-stack
                0x0000000000000000        0x0 drivers/blk_dev/hd.o
 .note.GNU-stack
                0x0000000000000000        0x0 drivers/blk_dev/floppy.o
 .note.GNU-stack
                0x0000000000000000        0x0 drivers/blk_dev/rw_blk.o
 .note.GNU-stack
                0x0000000000000000        0x0 drivers/blk_dev/ramdisk.o
 .note.GNU-stack
                0x0000000000000000        0x0 drivers/blk_dev/scsi/scsi.o
 .note.GNU-stack
                0x0000000000000000        0x0 drivers/net/inet.o
 .note.GNU-stack
                0x0000000000000000        0x0 drivers/pci/pci.o
 .note.GNU-stack
                0x0000000000000000        0x0 kernel/klib.o
 .note.GNU-stack
                0x0000000000000000        0x0 kernel/sys.o
 .note.GNU-stack
                0x0000000000000000        0x0 lib/syslog.o
 .note.GNU-stack
                0x0000000000000000        0x0 mm/main.o
 .note.GNU-stack
                0x0000000000000000        0x0 mm/forkexit.o
 .note.GNU-stack
                0x0000000000000000        0x0 mm/exec.o
 .note.GNU-stack
                0x0000000000000000        0x0 mm/memory.o
 .note.GNU-stack
                0x0000000000000000        0x0 mm/signal.o
 .note.GNU-stack
                0x0000000000000000        0x0 fs/main.o
 .note.GNU-stack
                0x0000000000000000        0x0 fs/Lyos/main.o
 .note.GNU-stack
                0x0000000000000000        0x0 fs/Lyos/open.o
 .note.GNU-stack
                0x0000000000000000        0x0 fs/Lyos/misc.o
 .note.GNU-stack
                0x0000000000000000        0x0 fs/Lyos/read_write.o
 .note.GNU-stack
                0x0000000000000000        0x0 fs/Lyos/link.o
 .note.GNU-stack
                0x0000000000000000        0x0 fs/Lyos/file.o
 .note.GNU-stack
                0x0000000000000000        0x0 fs/Lyos/disklog.o
 .note.GNU-stack
                0x0000000000000000        0x0 fs/Lyos/buffer.o
 .note.GNU-stack
                0x0000000000000000        0x0 fs/Lyos/namei.o
 .note.GNU-stack
                0x0000000000000000        0x0 lib/Lyoscrt.a(printf.o)
 .note.GNU-stack
                0x0000000000000000        0x0 lib/Lyoscrt.a(vsprintf.o)
 .note.GNU-stack
                0x0000000000000000        0x0 lib/Lyoscrt.a(misc.o)
 .note.GNU-stack
                0x0000000000000000        0x0 lib/Lyoscrt.a(open.o)
 .note.GNU-stack
                0x0000000000000000        0x0 lib/Lyoscrt.a(read.o)
 .note.GNU-stack
                0x0000000000000000        0x0 lib/Lyoscrt.a(write.o)
 .note.GNU-stack
                0x0000000000000000        0x0 lib/Lyoscrt.a(close.o)
 .note.GNU-stack
                0x0000000000000000        0x0 lib/Lyoscrt.a(lseek.o)
 .note.GNU-stack
                0x0000000000000000        0x0 lib/Lyoscrt.a(getpid.o)
 .note.GNU-stack
                0x0000000000000000        0x0 lib/Lyoscrt.a(stat.o)
 .note.GNU-stack
                0x0000000000000000        0x0 lib/Lyoscrt.a(fork.o)
 .note.GNU-stack
                0x0000000000000000        0x0 lib/Lyoscrt.a(wait.o)
 .note.GNU-stack
                0x0000000000000000        0x0 lib/Lyoscrt.a(exec.o)
 .note.GNU-stack
                0x0000000000000000        0x0 lib/Lyoscrt.a(uname.o)

Memory Configuration

Name             Origin             Length             Attributes
*default*        0x0000000000000000 0xffffffffffffffff

Linker script and memory map

Address of section .text set to 0x1000
LOAD kernel/kernel.o
LOAD kernel/start.o
LOAD kernel/main.o
LOAD kernel/clock.o
LOAD drivers/chr_dev/keyboard.o
LOAD drivers/chr_dev/tty.o
LOAD drivers/chr_dev/console.o
LOAD kernel/i8259.o
LOAD kernel/global.o
LOAD kernel/protect.o
LOAD kernel/proc.o
LOAD kernel/systask.o
LOAD drivers/driver.o
LOAD drivers/blk_dev/hd.o
LOAD drivers/blk_dev/floppy.o
LOAD drivers/blk_dev/rw_blk.o
LOAD drivers/blk_dev/ramdisk.o
LOAD drivers/blk_dev/scsi/scsi.o
LOAD drivers/net/inet.o
LOAD drivers/pci/pci.o
LOAD kernel/kliba.o
LOAD kernel/klib.o
LOAD kernel/sys.o
LOAD kernel/reboot.o
LOAD lib/syslog.o
LOAD mm/main.o
LOAD mm/forkexit.o
LOAD mm/exec.o
LOAD mm/page.o
LOAD mm/memory.o
LOAD mm/signal.o
LOAD fs/main.o
LOAD fs/Lyos/main.o
LOAD fs/Lyos/open.o
LOAD fs/Lyos/misc.o
LOAD fs/Lyos/read_write.o
LOAD fs/Lyos/link.o
LOAD fs/Lyos/file.o
LOAD fs/Lyos/disklog.o
LOAD fs/Lyos/buffer.o
LOAD fs/Lyos/namei.o
LOAD lib/Lyoscrt.a
                0x0000000008048000                PROVIDE (__executable_start, 0x8048000)
                0x0000000008048094                . = (0x8048000 + SIZEOF_HEADERS)

.interp
 *(.interp)

.note.gnu.build-id
 *(.note.gnu.build-id)

.hash
 *(.hash)

.gnu.hash
 *(.gnu.hash)

.dynsym
 *(.dynsym)

.dynstr
 *(.dynstr)

.gnu.version
 *(.gnu.version)

.gnu.version_d
 *(.gnu.version_d)

.gnu.version_r
 *(.gnu.version_r)

.rel.dyn        0x0000000008048094        0x0
 *(.rel.init)
 *(.rel.text .rel.text.* .rel.gnu.linkonce.t.*)
 .rel.text      0x0000000000000000        0x0 kernel/kernel.o
 *(.rel.fini)
 *(.rel.rodata .rel.rodata.* .rel.gnu.linkonce.r.*)
 *(.rel.data.rel.ro* .rel.gnu.linkonce.d.rel.ro.*)
 *(.rel.data .rel.data.* .rel.gnu.linkonce.d.*)
 .rel.data      0x0000000000000000        0x0 kernel/kernel.o
 *(.rel.tdata .rel.tdata.* .rel.gnu.linkonce.td.*)
 *(.rel.tbss .rel.tbss.* .rel.gnu.linkonce.tb.*)
 *(.rel.ctors)
 *(.rel.dtors)
 *(.rel.got)
 *(.rel.bss .rel.bss.* .rel.gnu.linkonce.b.*)
 *(.rel.ifunc)

.rel.plt        0x0000000008048094        0x0
 *(.rel.plt)
                0x0000000008048094                PROVIDE (__rel_iplt_start, .)
 *(.rel.iplt)
 .rel.iplt      0x0000000000000000        0x0 kernel/kernel.o
                0x0000000008048094                PROVIDE (__rel_iplt_end, .)

.init
 *(.init)

.plt            0x0000000008048094        0x0
 *(.plt)
 *(.iplt)
 .iplt          0x0000000000000000        0x0 kernel/kernel.o

.text           0x0000000000001000     0xfa36
 *(.text.unlikely .text.*_unlikely)
 *(.text.exit .text.exit.*)
 *(.text.startup .text.startup.*)
 *(.text.hot .text.hot.*)
 *(.text .stub .text.* .gnu.linkonce.t.*)
 .text          0x0000000000001000      0x493 kernel/kernel.o
                0x0000000000001000                _start
                0x0000000000001040                hwint00
                0x0000000000001070                hwint01
                0x00000000000010a0                hwint02
                0x00000000000010d0                hwint03
                0x0000000000001100                hwint04
                0x0000000000001130                hwint05
                0x0000000000001160                hwint06
                0x0000000000001190                hwint07
                0x00000000000011c0                hwint08
                0x00000000000011f0                hwint09
                0x0000000000001220                hwint10
                0x0000000000001250                hwint11
                0x0000000000001280                hwint12
                0x00000000000012b0                hwint13
                0x00000000000012e0                hwint14
                0x0000000000001310                hwint15
                0x0000000000001337                divide_error
                0x0000000000001346                single_step_exception
                0x0000000000001355                nmi
                0x0000000000001364                breakpoint_exception
                0x0000000000001373                overflow
                0x0000000000001382                bounds_check
                0x0000000000001391                inval_opcode
                0x00000000000013a0                copr_not_available
                0x00000000000013af                double_fault
                0x00000000000013b9                copr_seg_overrun
                0x00000000000013c8                inval_tss
                0x00000000000013d2                segment_not_present
                0x00000000000013dc                stack_exception
                0x00000000000013e6                general_protection
                0x00000000000013f0                copr_error
                0x0000000000001448                sys_call
                0x000000000000146b                restart
 *fill*         0x0000000000001493        0x1 90909090
 .text          0x0000000000001494       0x81 kernel/start.o
                0x0000000000001494                cstart
 *fill*         0x0000000000001515        0x3 90909090
 .text          0x0000000000001518      0xa6a kernel/main.o
                0x0000000000001518                kernel_main
                0x0000000000001876                get_ticks
                0x00000000000018ae                untar
                0x0000000000001b84                shell
                0x0000000000001d84                Init
                0x0000000000001f28                TestA
                0x0000000000001f2d                TestB
                0x0000000000001f32                TestC
                0x0000000000001f37                panic
 *fill*         0x0000000000001f82        0x2 90909090
 .text          0x0000000000001f84      0x119 kernel/clock.o
                0x0000000000001f84                clock_handler
                0x0000000000001ffe                milli_delay
                0x0000000000002039                init_clock
 *fill*         0x000000000000209d        0x3 90909090
 .text          0x00000000000020a0      0x6dd drivers/chr_dev/keyboard.o
                0x00000000000020a0                keyboard_handler
                0x0000000000002109                init_keyboard
                0x00000000000021c4                keyboard_read
 *fill*         0x000000000000277d        0x3 90909090
 .text          0x0000000000002780      0xa0d drivers/chr_dev/tty.o
                0x0000000000002780                task_tty
                0x0000000000002937                in_process
                0x0000000000002e86                sys_printx
                0x000000000000302c                dump_tty_buf
 *fill*         0x000000000000318d        0x3 90909090
 .text          0x0000000000003190      0xf94 drivers/chr_dev/console.o
                0x0000000000003190                init_screen
                0x000000000000331f                out_char
                0x00000000000036a7                is_current_console
                0x0000000000003e89                select_console
                0x0000000000003ec0                scroll_screen
 .text          0x0000000000004124      0x13c kernel/i8259.o
                0x0000000000004124                init_8259A
                0x0000000000004215                spurious_irq
                0x0000000000004240                put_irq_handler
 .text          0x0000000000004260        0x0 kernel/global.o
 .text          0x0000000000004260      0xfab kernel/protect.o
                0x0000000000004260                init_prot
                0x00000000000048bb                seg2linear
                0x000000000000490a                init_desc
                0x0000000000004976                exception_handler
 *fill*         0x000000000000520b        0x1 90909090
 .text          0x000000000000520c     0x1a46 kernel/proc.o
                0x000000000000520c                schedule
                0x00000000000052ed                do_setuid
                0x0000000000005309                do_getuid
                0x000000000000531d                do_setgid
                0x0000000000005339                do_getgid
                0x000000000000534d                do_geteuid
                0x0000000000005361                do_getegid
                0x0000000000005375                do_nice
                0x00000000000053b7                sys_sendrec
                0x0000000000005515                ldt_seg_linear
                0x0000000000005559                va2la
                0x00000000000055c6                reset_msg
                0x00000000000065f7                inform_int
                0x00000000000067a3                dumproc
                0x0000000000006b0b                dump_msg
 *fill*         0x0000000000006c52        0x2 90909090
 .text          0x0000000000006c54      0x31e kernel/systask.o
                0x0000000000006c54                task_sys
 *fill*         0x0000000000006f72        0x2 90909090
 .text          0x0000000000006f74       0xdd drivers/driver.o
                0x0000000000006f74                dev_driver_task
 *fill*         0x0000000000007051        0x3 90909090
 .text          0x0000000000007054      0xe99 drivers/blk_dev/hd.o
                0x0000000000007054                task_hd
                0x0000000000007133                do_hd_request
                0x0000000000007ec8                hd_handler
 *fill*         0x0000000000007eed        0x3 90909090
 .text          0x0000000000007ef0      0x23a drivers/blk_dev/floppy.o
                0x0000000000007ef0                task_fd
                0x00000000000080a5                fd_handler
                0x00000000000080b9                do_fd_request
                0x00000000000080be                init_fd
 *fill*         0x000000000000812a        0x2 90909090
 .text          0x000000000000812c       0xa6 drivers/blk_dev/rw_blk.o
                0x000000000000812c                add_request
 *fill*         0x00000000000081d2        0x2 90909090
 .text          0x00000000000081d4      0x3f7 drivers/blk_dev/ramdisk.o
                0x00000000000081d4                task_rd
                0x0000000000008277                do_rd_request
                0x000000000000839f                init_rd
                0x00000000000083f1                rd_load_image
 *fill*         0x00000000000085cb        0x1 90909090
 .text          0x00000000000085cc       0xa7 drivers/blk_dev/scsi/scsi.o
                0x00000000000085cc                task_scsi
                0x0000000000008664                scsi_handler
                0x0000000000008669                do_scsi_request
                0x000000000000866e                init_scsi
 *fill*         0x0000000000008673        0x1 90909090
 .text          0x0000000000008674        0x5 drivers/net/inet.o
                0x0000000000008674                task_inet
 *fill*         0x0000000000008679        0x3 90909090
 .text          0x000000000000867c       0x12 drivers/pci/pci.o
                0x000000000000867c                task_pci
                0x0000000000008689                pci_init
 *fill*         0x000000000000868e        0x2 90909090
 .text          0x0000000000008690      0x1b4 kernel/kliba.o
                0x0000000000008690                disp_str
                0x00000000000086d7                disp_color_str
                0x000000000000871f                out_byte
                0x000000000000872b                in_byte
                0x0000000000008735                port_read
                0x0000000000008748                port_write
                0x000000000000875b                disable_irq
                0x0000000000008790                enable_irq
                0x00000000000087af                disable_int
                0x00000000000087b1                enable_int
                0x00000000000087b3                glitter
 .text          0x0000000000008844      0x3ac kernel/klib.o
                0x0000000000008844                in_word
                0x0000000000008870                out_word
                0x0000000000008892                in_long
                0x00000000000088bb                out_long
                0x00000000000088d4                get_boot_params
                0x0000000000008976                get_kernel_map
                0x0000000000008a97                itoa
                0x0000000000008b41                disp_int
                0x0000000000008b66                printk
                0x0000000000008baa                delay
 .text          0x0000000000008bf0      0x11b kernel/sys.o
                0x0000000000008bf0                sys_reboot
                0x0000000000008c02                do_ftime
                0x0000000000008c0c                do_mknod
                0x0000000000008c16                do_break
                0x0000000000008c20                do_ustat
                0x0000000000008c2a                do_ptrace
                0x0000000000008c34                do_stty
                0x0000000000008c3e                do_gtty
                0x0000000000008c48                do_rename
                0x0000000000008c52                do_prof
                0x0000000000008c5c                do_acct
                0x0000000000008c66                do_phys
                0x0000000000008c70                do_lock
                0x0000000000008c7a                do_mpx
                0x0000000000008c84                do_ulimit
                0x0000000000008c8e                do_stime
                0x0000000000008c98                do_times
                0x0000000000008ca2                do_brk
                0x0000000000008cac                do_setpgid
                0x0000000000008cb6                do_getpgrp
                0x0000000000008cc0                do_setsid
                0x0000000000008cca                do_uname
                0x0000000000008d01                do_umask
 *fill*         0x0000000000008d0b        0x5 90909090
 .text          0x0000000000008d10        0xe kernel/reboot.o
                0x0000000000008d14                hard_reboot
 *fill*         0x0000000000008d1e        0x2 90909090
 .text          0x0000000000008d20       0x78 lib/syslog.o
                0x0000000000008d20                syslog
 .text          0x0000000000008d98      0x33a mm/main.o
                0x0000000000008d98                task_mm
                0x000000000000903f                alloc_mem
                0x00000000000090c8                free_mem
 *fill*         0x00000000000090d2        0x2 90909090
 .text          0x00000000000090d4      0x688 mm/forkexit.o
                0x00000000000090d4                do_fork
                0x00000000000094cc                do_exit
                0x00000000000096a1                do_wait
 .text          0x000000000000975c      0x3ad mm/exec.o
                0x000000000000975c                do_exec
 *fill*         0x0000000000009b09        0x7 90909090
 .text          0x0000000000009b10       0x45 mm/page.o
                0x0000000000009b10                page_fault
 *fill*         0x0000000000009b55        0x3 90909090
 .text          0x0000000000009b58        0xa mm/memory.o
                0x0000000000009b58                wp_page
                0x0000000000009b5d                no_page
 *fill*         0x0000000000009b62        0x2 90909090
 .text          0x0000000000009b64      0x2bc mm/signal.o
                0x0000000000009b64                do_sigaction
                0x0000000000009cbc                do_alarm
                0x0000000000009d78                do_kill
                0x0000000000009df1                do_raise
 .text          0x0000000000009e20        0x0 fs/main.o
 .text          0x0000000000009e20     0x14ae fs/Lyos/main.o
                0x0000000000009e20                task_fs
                0x000000000000a09c                init_fs
                0x000000000000a13d                mount_root
                0x000000000000ac4e                rw_sector
                0x000000000000acfa                read_super_block
                0x000000000000ae6d                get_super_block
                0x000000000000aeb4                get_inode
                0x000000000000b031                put_inode
                0x000000000000b076                sync_inode
 *fill*         0x000000000000b2ce        0x2 90909090
 .text          0x000000000000b2d0      0xe58 fs/Lyos/open.o
                0x000000000000b2d0                do_open
                0x000000000000b8cf                do_mkdir
                0x000000000000b956                do_close
                0x000000000000b9d9                do_lseek
                0x000000000000ba93                do_chdir
                0x000000000000bb17                do_chroot
                0x000000000000c114                do_mount
                0x000000000000c11e                do_umount
 .text          0x000000000000c128      0x1ef fs/Lyos/misc.o
                0x000000000000c128                do_stat
 *fill*         0x000000000000c317        0x1 90909090
 .text          0x000000000000c318      0x552 fs/Lyos/read_write.o
                0x000000000000c318                do_rdwt
 *fill*         0x000000000000c86a        0x2 90909090
 .text          0x000000000000c86c      0x951 fs/Lyos/link.o
                0x000000000000c86c                do_unlink
 *fill*         0x000000000000d1bd        0x3 90909090
 .text          0x000000000000d1c0      0x285 fs/Lyos/file.o
                0x000000000000d1c0                file_open
                0x000000000000d3f3                file_read
                0x000000000000d41c                file_write
 *fill*         0x000000000000d445        0x3 90909090
 .text          0x000000000000d448     0x2242 fs/Lyos/disklog.o
                0x000000000000d448                disklog
                0x000000000000daca                dump_fd_graph
 *fill*         0x000000000000f68a        0x2 90909090
 .text          0x000000000000f68c      0x1f5 fs/Lyos/buffer.o
                0x000000000000f68c                get_buffer
                0x000000000000f701                find_buffer
                0x000000000000f775                sync_buffer
                0x000000000000f77a                do_sync
                0x000000000000f77f                free_buffer
                0x000000000000f784                init_buffer
 *fill*         0x000000000000f881        0x3 90909090
 .text          0x000000000000f884      0x473 fs/Lyos/namei.o
                0x000000000000f884                namei
                0x000000000000fa93                find_entry
                0x000000000000fbb0                search_file
                0x000000000000fc37                strip_path
 *fill*         0x000000000000fcf7        0x1 90909090
 .text          0x000000000000fcf8       0xc6 lib/Lyoscrt.a(printf.o)
                0x000000000000fcf8                printf
                0x000000000000fd7a                printl
 *fill*         0x000000000000fdbe        0x2 90909090
 .text          0x000000000000fdc0      0x31d lib/Lyoscrt.a(vsprintf.o)
                0x000000000000fe2b                vsprintf
                0x00000000000100b3                sprintf
 *fill*         0x00000000000100dd        0x3 90909090
 .text          0x00000000000100e0       0x87 lib/Lyoscrt.a(string.o)
                0x00000000000100e0                memcpy
                0x000000000001010f                memset
                0x0000000000010136                strcpy
                0x000000000001014e                strlen
 *fill*         0x0000000000010167        0x1 90909090
 .text          0x0000000000010168      0x257 lib/Lyoscrt.a(misc.o)
                0x0000000000010168                send_recv
                0x000000000001024f                memcmp
                0x00000000000102c9                strcmp
                0x0000000000010340                strcat
                0x000000000001039f                spin
                0x00000000000103ba                assertion_failure
 *fill*         0x00000000000103bf        0x1 90909090
 .text          0x00000000000103c0       0xe2 lib/Lyoscrt.a(open.o)
                0x00000000000103c0                open
                0x0000000000010433                mkdir
 *fill*         0x00000000000104a2        0x2 90909090
 .text          0x00000000000104a4       0x3f lib/Lyoscrt.a(read.o)
                0x00000000000104a4                read
 *fill*         0x00000000000104e3        0x1 90909090
 .text          0x00000000000104e4       0x3f lib/Lyoscrt.a(write.o)
                0x00000000000104e4                write
 *fill*         0x0000000000010523        0x1 90909090
 .text          0x0000000000010524       0x33 lib/Lyoscrt.a(close.o)
                0x0000000000010524                close
 *fill*         0x0000000000010557        0x1 90909090
 .text          0x0000000000010558       0x3f lib/Lyoscrt.a(lseek.o)
                0x0000000000010558                lseek
 *fill*         0x0000000000010597        0x1 90909090
 .text          0x0000000000010598       0x59 lib/Lyoscrt.a(getpid.o)
                0x0000000000010598                getpid
 *fill*         0x00000000000105f1        0x3 90909090
 .text          0x00000000000105f4       0x73 lib/Lyoscrt.a(stat.o)
                0x00000000000105f4                stat
 *fill*         0x0000000000010667        0x1 90909090
 .text          0x0000000000010668       0x84 lib/Lyoscrt.a(fork.o)
                0x0000000000010668                fork
 .text          0x00000000000106ec       0x44 lib/Lyoscrt.a(wait.o)
                0x00000000000106ec                wait
 .text          0x0000000000010730      0x262 lib/Lyoscrt.a(exec.o)
                0x0000000000010730                exec
                0x00000000000107ab                execl
                0x00000000000107d1                execv
 *fill*         0x0000000000010992        0x2 90909090
 .text          0x0000000000010994       0x65 lib/Lyoscrt.a(uname.o)
                0x0000000000010994                uname
 *fill*         0x00000000000109f9        0x7 90909090
 .text          0x0000000000010a00       0x36 lib/Lyoscrt.a(syscall.o)
                0x0000000000010a00                sendrec
                0x0000000000010a1a                printx
                0x0000000000010a28                reboot
 *(.gnu.warning)

.fini
 *(.fini)
                0x0000000000010a36                PROVIDE (__etext, .)
                0x0000000000010a36                PROVIDE (_etext, .)
                0x0000000000010a36                PROVIDE (etext, .)

.rodata         0x0000000000010a38     0x235f
 *(.rodata .rodata.* .gnu.linkonce.r.*)
 .rodata        0x0000000000010a38      0x1a1 kernel/main.o
 *fill*         0x0000000000010bd9        0x3 00
 .rodata        0x0000000000010bdc       0x64 drivers/chr_dev/keyboard.o
 .rodata        0x0000000000010c40      0x148 drivers/chr_dev/tty.o
 .rodata        0x0000000000010d88       0xfb drivers/chr_dev/console.o
 .rodata        0x0000000000010e83       0x11 kernel/i8259.o
 .rodata        0x0000000000010e94       0x10 kernel/global.o
                0x0000000000010e94                FSBUF_SIZE
                0x0000000000010e98                MMBUF_SIZE
                0x0000000000010e9c                LOGBUF_SIZE
                0x0000000000010ea0                LOGDISKBUF_SIZE
 .rodata        0x0000000000010ea4       0x6a kernel/protect.o
 *fill*         0x0000000000010f0e        0x2 00
 .rodata        0x0000000000010f10      0x57a kernel/proc.o
 .rodata        0x000000000001148a       0x11 kernel/systask.o
 *fill*         0x000000000001149b        0x1 00
 .rodata        0x000000000001149c       0x58 drivers/driver.o
 .rodata        0x00000000000114f4      0x135 drivers/blk_dev/hd.o
 *fill*         0x0000000000011629        0x3 00
 .rodata        0x000000000001162c       0xb6 drivers/blk_dev/floppy.o
 *fill*         0x00000000000116e2        0x2 00
 .rodata        0x00000000000116e4      0x104 drivers/blk_dev/ramdisk.o
 .rodata        0x00000000000117e8       0x54 drivers/blk_dev/scsi/scsi.o
 .rodata        0x000000000001183c       0x6a kernel/klib.o
 .rodata        0x00000000000118a6       0x1e lib/syslog.o
 .rodata        0x00000000000118c4      0x121 mm/main.o
 *fill*         0x00000000000119e5        0x3 00
 .rodata        0x00000000000119e8       0xe7 mm/forkexit.o
 *fill*         0x0000000000011acf        0x1 00
 .rodata        0x0000000000011ad0       0xa0 mm/exec.o
 .rodata        0x0000000000011b70      0x2db fs/Lyos/main.o
 *fill*         0x0000000000011e4b        0x1 00
 .rodata        0x0000000000011e4c      0x168 fs/Lyos/open.o
 .rodata        0x0000000000011fb4       0x5b fs/Lyos/misc.o
 *fill*         0x000000000001200f        0x1 00
 .rodata        0x0000000000012010      0x16c fs/Lyos/read_write.o
 .rodata        0x000000000001217c      0x1b5 fs/Lyos/link.o
 *fill*         0x0000000000012331        0x3 00
 .rodata        0x0000000000012334      0x80a fs/Lyos/disklog.o
 *fill*         0x0000000000012b3e        0x2 00
 .rodata        0x0000000000012b40       0x5c fs/Lyos/buffer.o
 .rodata        0x0000000000012b9c       0x36 fs/Lyos/namei.o
 .rodata        0x0000000000012bd2       0x14 lib/Lyoscrt.a(printf.o)
 *fill*         0x0000000000012be6        0x2 00
 .rodata        0x0000000000012be8       0x63 lib/Lyoscrt.a(misc.o)
 .rodata        0x0000000000012c4b       0x23 lib/Lyoscrt.a(open.o)
 .rodata        0x0000000000012c6e       0x25 lib/Lyoscrt.a(getpid.o)
 .rodata        0x0000000000012c93       0x23 lib/Lyoscrt.a(stat.o)
 .rodata        0x0000000000012cb6       0x33 lib/Lyoscrt.a(fork.o)
 *fill*         0x0000000000012ce9        0x3 00
 .rodata        0x0000000000012cec       0x87 lib/Lyoscrt.a(exec.o)
 .rodata        0x0000000000012d73       0x24 lib/Lyoscrt.a(uname.o)

.rodata1
 *(.rodata1)

.eh_frame_hdr
 *(.eh_frame_hdr)

.eh_frame
 *(.eh_frame)

.gcc_except_table
 *(.gcc_except_table .gcc_except_table.*)
                0x0000000000012d97                . = (ALIGN (0x1000) - ((0x1000 - .) & 0xfff))
                0x0000000000013000                . = DATA_SEGMENT_ALIGN (0x1000, 0x1000)

.eh_frame
 *(.eh_frame)

.gcc_except_table
 *(.gcc_except_table .gcc_except_table.*)

.tdata
 *(.tdata .tdata.* .gnu.linkonce.td.*)

.tbss
 *(.tbss .tbss.* .gnu.linkonce.tb.*)
 *(.tcommon)

.preinit_array  0x0000000000013000        0x0
                0x0000000000013000                PROVIDE (__preinit_array_start, .)
 *(.preinit_array)
                0x0000000000013000                PROVIDE (__preinit_array_end, .)

.init_array     0x0000000000013000        0x0
                0x0000000000013000                PROVIDE (__init_array_start, .)
 *(SORT(.init_array.*))
 *(.init_array)
                0x0000000000013000                PROVIDE (__init_array_end, .)

.fini_array     0x0000000000013000        0x0
                0x0000000000013000                PROVIDE (__fini_array_start, .)
 *(SORT(.fini_array.*))
 *(.fini_array)
                0x0000000000013000                PROVIDE (__fini_array_end, .)

.ctors
 *crtbegin.o(.ctors)
 *crtbegin?.o(.ctors)
 *(EXCLUDE_FILE(*crtend?.o *crtend.o) .ctors)
 *(SORT(.ctors.*))
 *(.ctors)

.dtors
 *crtbegin.o(.dtors)
 *crtbegin?.o(.dtors)
 *(EXCLUDE_FILE(*crtend?.o *crtend.o) .dtors)
 *(SORT(.dtors.*))
 *(.dtors)

.jcr
 *(.jcr)

.data.rel.ro
 *(.data.rel.ro.local* .gnu.linkonce.d.rel.ro.local.*)
 *(.data.rel.ro* .gnu.linkonce.d.rel.ro.*)

.dynamic
 *(.dynamic)

.got
 *(.got)
 *(.igot)
                0x0000000000013000                . = DATA_SEGMENT_RELRO_END (., 0xc)

.got.plt        0x0000000000013000        0x0
 *(.got.plt)
 *(.igot.plt)
 .igot.plt      0x0000000000000000        0x0 kernel/kernel.o

.data           0x0000000000013000      0xa4c
 *(.data .data.* .gnu.linkonce.d.*)
 .data          0x0000000000013000        0x2 kernel/kernel.o
 *fill*         0x0000000000013002        0x2 00
 .data          0x0000000000013004        0x0 kernel/start.o
 .data          0x0000000000013004        0x0 kernel/main.o
 .data          0x0000000000013004        0x0 kernel/clock.o
 *fill*         0x0000000000013004       0x1c 00
 .data          0x0000000000013020      0x600 drivers/chr_dev/keyboard.o
                0x0000000000013020                keymap
 .data          0x0000000000013620       0x22 drivers/chr_dev/tty.o
 *fill*         0x0000000000013642        0x2 00
 .data          0x0000000000013644        0x0 drivers/chr_dev/console.o
 .data          0x0000000000013644        0x0 kernel/i8259.o
 *fill*         0x0000000000013644       0x1c 00
 .data          0x0000000000013660      0x2d8 kernel/global.o
                0x0000000000013660                ROOT_DEV
                0x0000000000013680                task_table
                0x0000000000013820                user_proc_table
                0x00000000000138c0                sys_call_table
                0x00000000000138e0                thisname
                0x000000000001390d                dd_map
                0x0000000000013928                fsbuf
                0x000000000001392c                mmbuf
                0x0000000000013930                logbuf
                0x0000000000013934                logdiskbuf
 .data          0x0000000000013938        0x0 kernel/protect.o
 .data          0x0000000000013938        0x0 kernel/proc.o
 .data          0x0000000000013938        0x0 kernel/systask.o
 .data          0x0000000000013938        0x0 drivers/driver.o
 .data          0x0000000000013938       0x10 drivers/blk_dev/hd.o
                0x0000000000013938                hd_driver
 *fill*         0x0000000000013948       0x18 00
 .data          0x0000000000013960       0xe4 drivers/blk_dev/floppy.o
                0x0000000000013a40                floppy_buffer
 .data          0x0000000000013a44        0x0 drivers/blk_dev/rw_blk.o
 .data          0x0000000000013a44        0x0 drivers/blk_dev/ramdisk.o
 .data          0x0000000000013a44        0x0 drivers/blk_dev/scsi/scsi.o
 .data          0x0000000000013a44        0x0 drivers/net/inet.o
 .data          0x0000000000013a44        0x0 drivers/pci/pci.o
 .data          0x0000000000013a44        0x0 kernel/klib.o
 .data          0x0000000000013a44        0x0 kernel/sys.o
 .data          0x0000000000013a44        0x0 lib/syslog.o
 .data          0x0000000000013a44        0x0 mm/main.o
 .data          0x0000000000013a44        0x0 mm/forkexit.o
 .data          0x0000000000013a44        0x0 mm/exec.o
 .data          0x0000000000013a44        0x0 mm/memory.o
 .data          0x0000000000013a44        0x0 mm/signal.o
 .data          0x0000000000013a44        0x0 fs/main.o
 .data          0x0000000000013a44        0x0 fs/Lyos/main.o
 .data          0x0000000000013a44        0x0 fs/Lyos/open.o
 .data          0x0000000000013a44        0x0 fs/Lyos/misc.o
 .data          0x0000000000013a44        0x0 fs/Lyos/read_write.o
 .data          0x0000000000013a44        0x0 fs/Lyos/link.o
 .data          0x0000000000013a44        0x0 fs/Lyos/file.o
 .data          0x0000000000013a44        0x0 fs/Lyos/disklog.o
 .data          0x0000000000013a44        0x0 fs/Lyos/buffer.o
 .data          0x0000000000013a44        0x5 fs/Lyos/namei.o
                0x0000000000013a44                dot1
                0x0000000000013a46                dot2
 *fill*         0x0000000000013a49        0x3 00
 .data          0x0000000000013a4c        0x0 lib/Lyoscrt.a(printf.o)
 .data          0x0000000000013a4c        0x0 lib/Lyoscrt.a(vsprintf.o)
 .data          0x0000000000013a4c        0x0 lib/Lyoscrt.a(misc.o)
 .data          0x0000000000013a4c        0x0 lib/Lyoscrt.a(open.o)
 .data          0x0000000000013a4c        0x0 lib/Lyoscrt.a(read.o)
 .data          0x0000000000013a4c        0x0 lib/Lyoscrt.a(write.o)
 .data          0x0000000000013a4c        0x0 lib/Lyoscrt.a(close.o)
 .data          0x0000000000013a4c        0x0 lib/Lyoscrt.a(lseek.o)
 .data          0x0000000000013a4c        0x0 lib/Lyoscrt.a(getpid.o)
 .data          0x0000000000013a4c        0x0 lib/Lyoscrt.a(stat.o)
 .data          0x0000000000013a4c        0x0 lib/Lyoscrt.a(fork.o)
 .data          0x0000000000013a4c        0x0 lib/Lyoscrt.a(wait.o)
 .data          0x0000000000013a4c        0x0 lib/Lyoscrt.a(exec.o)
 .data          0x0000000000013a4c        0x0 lib/Lyoscrt.a(uname.o)

.data1
 *(.data1)
                0x0000000000013a4c                _edata = .
                0x0000000000013a4c                PROVIDE (edata, .)
                0x0000000000013a4c                __bss_start = .

.bss            0x0000000000013a60    0x45988
 *(.dynbss)
 *(.bss .bss.* .gnu.linkonce.b.*)
 .bss           0x0000000000013a60      0x800 kernel/kernel.o
 .bss           0x0000000000014260        0x0 kernel/start.o
 .bss           0x0000000000014260        0x0 kernel/main.o
 .bss           0x0000000000014260        0x0 kernel/clock.o
 .bss           0x0000000000014260       0x58 drivers/chr_dev/keyboard.o
 .bss           0x00000000000142b8        0x0 drivers/chr_dev/tty.o
 .bss           0x00000000000142b8        0x0 drivers/chr_dev/console.o
 .bss           0x00000000000142b8        0x0 kernel/i8259.o
 .bss           0x00000000000142b8        0x0 kernel/global.o
 .bss           0x00000000000142b8        0x0 kernel/protect.o
 .bss           0x00000000000142b8        0x0 kernel/proc.o
 .bss           0x00000000000142b8        0x0 kernel/systask.o
 .bss           0x00000000000142b8        0x0 drivers/driver.o
 *fill*         0x00000000000142b8        0x8 00
 .bss           0x00000000000142c0      0x64c drivers/blk_dev/hd.o
 .bss           0x000000000001490c        0x0 drivers/blk_dev/floppy.o
 *fill*         0x000000000001490c       0x14 00
 .bss           0x0000000000014920       0x38 drivers/blk_dev/rw_blk.o
                0x0000000000014920                blk_dev_table
 .bss           0x0000000000014958        0x0 drivers/blk_dev/ramdisk.o
 .bss           0x0000000000014958        0x0 drivers/blk_dev/scsi/scsi.o
 .bss           0x0000000000014958        0x0 drivers/net/inet.o
 .bss           0x0000000000014958        0x0 drivers/pci/pci.o
 .bss           0x0000000000014958        0x0 kernel/klib.o
 .bss           0x0000000000014958        0x0 kernel/sys.o
 .bss           0x0000000000014958        0x0 lib/syslog.o
 .bss           0x0000000000014958        0x4 mm/main.o
 .bss           0x000000000001495c        0x0 mm/forkexit.o
 .bss           0x000000000001495c        0x0 mm/exec.o
 .bss           0x000000000001495c        0x0 mm/memory.o
 .bss           0x000000000001495c        0x0 mm/signal.o
 .bss           0x000000000001495c        0x0 fs/main.o
 .bss           0x000000000001495c        0x0 fs/Lyos/main.o
 .bss           0x000000000001495c        0x0 fs/Lyos/open.o
 .bss           0x000000000001495c        0x0 fs/Lyos/misc.o
 .bss           0x000000000001495c        0x0 fs/Lyos/read_write.o
 .bss           0x000000000001495c        0x0 fs/Lyos/link.o
 .bss           0x000000000001495c        0x0 fs/Lyos/file.o
 *fill*         0x000000000001495c        0x4 00
 .bss           0x0000000000014960      0x208 fs/Lyos/disklog.o
 .bss           0x0000000000014b68        0x0 fs/Lyos/buffer.o
 .bss           0x0000000000014b68        0x0 fs/Lyos/namei.o
 .bss           0x0000000000014b68        0x0 lib/Lyoscrt.a(printf.o)
 .bss           0x0000000000014b68        0x0 lib/Lyoscrt.a(vsprintf.o)
 .bss           0x0000000000014b68        0x0 lib/Lyoscrt.a(misc.o)
 .bss           0x0000000000014b68        0x0 lib/Lyoscrt.a(open.o)
 .bss           0x0000000000014b68        0x0 lib/Lyoscrt.a(read.o)
 .bss           0x0000000000014b68        0x0 lib/Lyoscrt.a(write.o)
 .bss           0x0000000000014b68        0x0 lib/Lyoscrt.a(close.o)
 .bss           0x0000000000014b68        0x0 lib/Lyoscrt.a(lseek.o)
 .bss           0x0000000000014b68        0x0 lib/Lyoscrt.a(getpid.o)
 .bss           0x0000000000014b68        0x0 lib/Lyoscrt.a(stat.o)
 .bss           0x0000000000014b68        0x0 lib/Lyoscrt.a(fork.o)
 .bss           0x0000000000014b68        0x0 lib/Lyoscrt.a(wait.o)
 .bss           0x0000000000014b68        0x0 lib/Lyoscrt.a(exec.o)
 .bss           0x0000000000014b68        0x0 lib/Lyoscrt.a(uname.o)
 *(COMMON)
 *fill*         0x0000000000014b68       0x18 00
 COMMON         0x0000000000014b80    0x44840 kernel/global.o
                0x0000000000014b80                rd_length
                0x0000000000014b84                idt_ptr
                0x0000000000014ba0                inode_table
                0x00000000000156a0                task_stack
                0x000000000004d6a0                errno
                0x000000000004d6a4                mem_start
                0x000000000004d6a8                k_reenter
                0x000000000004d6ac                buffer_base
                0x000000000004d6c0                gdt
                0x000000000004dac0                current_console
                0x000000000004dac4                pcaller
                0x000000000004dae0                tty_table
                0x000000000004e7b4                buffer_length
                0x000000000004e7c0                tss
                0x000000000004e840                fs_msg
                0x000000000004e870                memory_size
                0x000000000004e880                f_desc_table
                0x000000000004ed80                root_inode
                0x000000000004ed84                current
                0x000000000004ed88                disp_pos
                0x000000000004eda0                mm_msg
                0x000000000004edd0                key_pressed
                0x000000000004ede0                buffer_table
                0x00000000000501f4                gdt_ptr
                0x00000000000501fc                kernel_addr
                0x0000000000050200                jiffies
                0x0000000000050220                idt
                0x0000000000050a20                super_block
                0x0000000000050c00                console_table
                0x0000000000050c80                rd_base
                0x0000000000050ca0                irq_table
                0x0000000000050ce0                proc_table
                0x00000000000593bc                nr_buffer
 COMMON         0x00000000000593c0       0x10 drivers/blk_dev/hd.o
                0x00000000000593c0                PARTITION_ENTRY
 COMMON         0x00000000000593d0       0x18 drivers/blk_dev/floppy.o
                0x00000000000593d0                reply
                0x00000000000593d8                drive_type
                0x00000000000593e8                . = ALIGN ((. != 0x0)?0x4:0x1)
                0x00000000000593e8                . = ALIGN (0x4)
                0x00000000000593e8                . = ALIGN (0x4)
                0x00000000000593e8                _end = .
                0x00000000000593e8                PROVIDE (end, .)
                0x00000000000593e8                . = DATA_SEGMENT_END (.)

.stab
 *(.stab)

.stabstr
 *(.stabstr)

.stab.excl
 *(.stab.excl)

.stab.exclstr
 *(.stab.exclstr)

.stab.index
 *(.stab.index)

.stab.indexstr
 *(.stab.indexstr)

.comment        0x0000000000000000       0xe4
 *(.comment)
 .comment       0x0000000000000000       0x1f kernel/kernel.o
 .comment       0x000000000000001f       0x2a kernel/start.o
                                         0x2b (size before relaxing)
 .comment       0x0000000000000000       0x2b kernel/main.o
 .comment       0x0000000000000000       0x2b kernel/clock.o
 .comment       0x0000000000000000       0x2b drivers/chr_dev/keyboard.o
 .comment       0x0000000000000000       0x2b drivers/chr_dev/tty.o
 .comment       0x0000000000000000       0x2b drivers/chr_dev/console.o
 .comment       0x0000000000000000       0x2b kernel/i8259.o
 .comment       0x0000000000000000       0x2b kernel/global.o
 .comment       0x0000000000000000       0x2b kernel/protect.o
 .comment       0x0000000000000000       0x2b kernel/proc.o
 .comment       0x0000000000000000       0x2b kernel/systask.o
 .comment       0x0000000000000000       0x2b drivers/driver.o
 .comment       0x0000000000000000       0x2b drivers/blk_dev/hd.o
 .comment       0x0000000000000000       0x2b drivers/blk_dev/floppy.o
 .comment       0x0000000000000000       0x2b drivers/blk_dev/rw_blk.o
 .comment       0x0000000000000000       0x2b drivers/blk_dev/ramdisk.o
 .comment       0x0000000000000000       0x2b drivers/blk_dev/scsi/scsi.o
 .comment       0x0000000000000000       0x2b drivers/net/inet.o
 .comment       0x0000000000000000       0x2b drivers/pci/pci.o
 .comment       0x0000000000000049       0x1f kernel/kliba.o
 .comment       0x0000000000000000       0x2b kernel/klib.o
 .comment       0x0000000000000000       0x2b kernel/sys.o
 .comment       0x0000000000000068       0x1f kernel/reboot.o
 .comment       0x0000000000000000       0x2b lib/syslog.o
 .comment       0x0000000000000000       0x2b mm/main.o
 .comment       0x0000000000000000       0x2b mm/forkexit.o
 .comment       0x0000000000000000       0x2b mm/exec.o
 .comment       0x0000000000000087       0x1f mm/page.o
 .comment       0x0000000000000000       0x2b mm/memory.o
 .comment       0x0000000000000000       0x2b mm/signal.o
 .comment       0x0000000000000000       0x2b fs/main.o
 .comment       0x0000000000000000       0x2b fs/Lyos/main.o
 .comment       0x0000000000000000       0x2b fs/Lyos/open.o
 .comment       0x0000000000000000       0x2b fs/Lyos/misc.o
 .comment       0x0000000000000000       0x2b fs/Lyos/read_write.o
 .comment       0x0000000000000000       0x2b fs/Lyos/link.o
 .comment       0x0000000000000000       0x2b fs/Lyos/file.o
 .comment       0x0000000000000000       0x2b fs/Lyos/disklog.o
 .comment       0x0000000000000000       0x2b fs/Lyos/buffer.o
 .comment       0x0000000000000000       0x2b fs/Lyos/namei.o
 .comment       0x0000000000000000       0x2b lib/Lyoscrt.a(printf.o)
 .comment       0x0000000000000000       0x2b lib/Lyoscrt.a(vsprintf.o)
 .comment       0x00000000000000a6       0x1f lib/Lyoscrt.a(string.o)
 .comment       0x0000000000000000       0x2b lib/Lyoscrt.a(misc.o)
 .comment       0x0000000000000000       0x2b lib/Lyoscrt.a(open.o)
 .comment       0x0000000000000000       0x2b lib/Lyoscrt.a(read.o)
 .comment       0x0000000000000000       0x2b lib/Lyoscrt.a(write.o)
 .comment       0x0000000000000000       0x2b lib/Lyoscrt.a(close.o)
 .comment       0x0000000000000000       0x2b lib/Lyoscrt.a(lseek.o)
 .comment       0x0000000000000000       0x2b lib/Lyoscrt.a(getpid.o)
 .comment       0x0000000000000000       0x2b lib/Lyoscrt.a(stat.o)
 .comment       0x0000000000000000       0x2b lib/Lyoscrt.a(fork.o)
 .comment       0x0000000000000000       0x2b lib/Lyoscrt.a(wait.o)
 .comment       0x0000000000000000       0x2b lib/Lyoscrt.a(exec.o)
 .comment       0x0000000000000000       0x2b lib/Lyoscrt.a(uname.o)
 .comment       0x00000000000000c5       0x1f lib/Lyoscrt.a(syscall.o)

.debug
 *(.debug)

.line
 *(.line)

.debug_srcinfo
 *(.debug_srcinfo)

.debug_sfnames
 *(.debug_sfnames)

.debug_aranges
 *(.debug_aranges)

.debug_pubnames
 *(.debug_pubnames)

.debug_info
 *(.debug_info .gnu.linkonce.wi.*)

.debug_abbrev
 *(.debug_abbrev)

.debug_line
 *(.debug_line)

.debug_frame
 *(.debug_frame)

.debug_str
 *(.debug_str)

.debug_loc
 *(.debug_loc)

.debug_macinfo
 *(.debug_macinfo)

.debug_weaknames
 *(.debug_weaknames)

.debug_funcnames
 *(.debug_funcnames)

.debug_typenames
 *(.debug_typenames)

.debug_varnames
 *(.debug_varnames)

.debug_pubtypes
 *(.debug_pubtypes)

.debug_ranges
 *(.debug_ranges)

.gnu.attributes
 *(.gnu.attributes)

/DISCARD/
 *(.note.GNU-stack)
 *(.gnu_debuglink)
 *(.gnu.lto_*)
OUTPUT(kernel.bin elf32-i386)
