Archive member included because of file (symbol)

lib/Lyoscrt.a(printf.o)       kernel/main.o (printf)
lib/Lyoscrt.a(vsprintf.o)     kernel/main.o (vsprintf)
lib/Lyoscrt.a(string.o)       kernel/start.o (memcpy)
lib/Lyoscrt.a(misc.o)         kernel/main.o (send_recv)
lib/Lyoscrt.a(open.o)         kernel/main.o (open)
lib/Lyoscrt.a(read.o)         kernel/main.o (read)
lib/Lyoscrt.a(write.o)        kernel/main.o (write)
lib/Lyoscrt.a(close.o)        kernel/main.o (close)
lib/Lyoscrt.a(lseek.o)        kernel/main.o (lseek)
lib/Lyoscrt.a(getpid.o)       mm/signal.o (getpid)
lib/Lyoscrt.a(stat.o)         mm/exec.o (stat)
lib/Lyoscrt.a(fork.o)         kernel/main.o (fork)
lib/Lyoscrt.a(wait.o)         kernel/main.o (wait)
lib/Lyoscrt.a(exec.o)         kernel/main.o (execv)
lib/Lyoscrt.a(uname.o)        kernel/main.o (uname)
lib/Lyoscrt.a(syscall.o)      lib/Lyoscrt.a(misc.o) (sendrec)

Allocating common symbols
Common symbol       size              file

rd_length           0x4               kernel/global.o
idt_ptr             0x6               kernel/global.o
inode_table         0xb00             kernel/global.o
task_stack          0x38000           kernel/global.o
errno               0x4               kernel/global.o
mem_start           0x4               kernel/global.o
k_reenter           0x4               kernel/global.o
buffer_base         0x4               kernel/global.o
gdt                 0x400             kernel/global.o
current_console     0x4               kernel/global.o
pcaller             0x4               kernel/global.o
tty_table           0xcd2             kernel/global.o
buffer_length       0x4               kernel/global.o
tss                 0x68              kernel/global.o
fs_msg              0x30              kernel/global.o
reply               0x7               drivers/blk_dev/floppy.o
memory_size         0x4               kernel/global.o
f_desc_table        0x500             kernel/global.o
root_inode          0x4               kernel/global.o
current             0x4               kernel/global.o
disp_pos            0x4               kernel/global.o
mm_msg              0x30              kernel/global.o
key_pressed         0x4               kernel/global.o
buffer_table        0x1414            kernel/global.o
gdt_ptr             0x6               kernel/global.o
kernel_addr         0x4               kernel/global.o
jiffies             0x4               kernel/global.o
idt                 0x800             kernel/global.o
super_block         0x1e0             kernel/global.o
PARTITION_ENTRY     0x10              drivers/blk_dev/hd.o
console_table       0x7e              kernel/global.o
rd_base             0x4               kernel/global.o
irq_table           0x40              kernel/global.o
drive_type          0x10              drivers/blk_dev/floppy.o
proc_table          0x86dc            kernel/global.o
nr_buffer           0x4               kernel/global.o

Discarded input sections

 .note.GNU-stack
                0x0000000000000000        0x0 kernel/start.o
 .note.GNU-stack
                0x0000000000000000        0x0 kernel/main.o
 .note.GNU-stack
                0x0000000000000000        0x0 kernel/clock.o
 .note.GNU-stack
                0x0000000000000000        0x0 drivers/chr_dev/keyboard.o
 .note.GNU-stack
                0x0000000000000000        0x0 drivers/chr_dev/tty.o
 .note.GNU-stack
                0x0000000000000000        0x0 drivers/chr_dev/console.o
 .note.GNU-stack
                0x0000000000000000        0x0 kernel/i8259.o
 .note.GNU-stack
                0x0000000000000000        0x0 kernel/global.o
 .note.GNU-stack
                0x0000000000000000        0x0 kernel/protect.o
 .note.GNU-stack
                0x0000000000000000        0x0 kernel/proc.o
 .note.GNU-stack
                0x0000000000000000        0x0 kernel/systask.o
 .note.GNU-stack
                0x0000000000000000        0x0 drivers/driver.o
 .note.GNU-stack
                0x0000000000000000        0x0 drivers/blk_dev/hd.o
 .note.GNU-stack
                0x0000000000000000        0x0 drivers/blk_dev/floppy.o
 .note.GNU-stack
                0x0000000000000000        0x0 drivers/blk_dev/rw_blk.o
 .note.GNU-stack
                0x0000000000000000        0x0 drivers/blk_dev/ramdisk.o
 .note.GNU-stack
                0x0000000000000000        0x0 drivers/blk_dev/scsi/scsi.o
 .note.GNU-stack
                0x0000000000000000        0x0 drivers/net/inet.o
 .note.GNU-stack
                0x0000000000000000        0x0 drivers/pci/pci.o
 .note.GNU-stack
                0x0000000000000000        0x0 kernel/klib.o
 .note.GNU-stack
                0x0000000000000000        0x0 kernel/sys.o
 .note.GNU-stack
                0x0000000000000000        0x0 lib/syslog.o
 .note.GNU-stack
                0x0000000000000000        0x0 mm/main.o
 .note.GNU-stack
                0x0000000000000000        0x0 mm/forkexit.o
 .note.GNU-stack
                0x0000000000000000        0x0 mm/exec.o
 .note.GNU-stack
                0x0000000000000000        0x0 mm/memory.o
 .note.GNU-stack
                0x0000000000000000        0x0 mm/signal.o
 .note.GNU-stack
                0x0000000000000000        0x0 fs/main.o
 .note.GNU-stack
                0x0000000000000000        0x0 fs/Lyos/main.o
 .note.GNU-stack
                0x0000000000000000        0x0 fs/Lyos/open.o
 .note.GNU-stack
                0x0000000000000000        0x0 fs/Lyos/misc.o
 .note.GNU-stack
                0x0000000000000000        0x0 fs/Lyos/read_write.o
 .note.GNU-stack
                0x0000000000000000        0x0 fs/Lyos/link.o
 .note.GNU-stack
                0x0000000000000000        0x0 fs/Lyos/file.o
 .note.GNU-stack
                0x0000000000000000        0x0 fs/Lyos/disklog.o
 .note.GNU-stack
                0x0000000000000000        0x0 fs/Lyos/buffer.o
 .note.GNU-stack
                0x0000000000000000        0x0 fs/Lyos/namei.o
 .note.GNU-stack
                0x0000000000000000        0x0 lib/Lyoscrt.a(printf.o)
 .note.GNU-stack
                0x0000000000000000        0x0 lib/Lyoscrt.a(vsprintf.o)
 .note.GNU-stack
                0x0000000000000000        0x0 lib/Lyoscrt.a(misc.o)
 .note.GNU-stack
                0x0000000000000000        0x0 lib/Lyoscrt.a(open.o)
 .note.GNU-stack
                0x0000000000000000        0x0 lib/Lyoscrt.a(read.o)
 .note.GNU-stack
                0x0000000000000000        0x0 lib/Lyoscrt.a(write.o)
 .note.GNU-stack
                0x0000000000000000        0x0 lib/Lyoscrt.a(close.o)
 .note.GNU-stack
                0x0000000000000000        0x0 lib/Lyoscrt.a(lseek.o)
 .note.GNU-stack
                0x0000000000000000        0x0 lib/Lyoscrt.a(getpid.o)
 .note.GNU-stack
                0x0000000000000000        0x0 lib/Lyoscrt.a(stat.o)
 .note.GNU-stack
                0x0000000000000000        0x0 lib/Lyoscrt.a(fork.o)
 .note.GNU-stack
                0x0000000000000000        0x0 lib/Lyoscrt.a(wait.o)
 .note.GNU-stack
                0x0000000000000000        0x0 lib/Lyoscrt.a(exec.o)
 .note.GNU-stack
                0x0000000000000000        0x0 lib/Lyoscrt.a(uname.o)

Memory Configuration

Name             Origin             Length             Attributes
*default*        0x0000000000000000 0xffffffffffffffff

Linker script and memory map

Address of section .text set to 0x1000
LOAD kernel/kernel.o
LOAD kernel/start.o
LOAD kernel/main.o
LOAD kernel/clock.o
LOAD drivers/chr_dev/keyboard.o
LOAD drivers/chr_dev/tty.o
LOAD drivers/chr_dev/console.o
LOAD kernel/i8259.o
LOAD kernel/global.o
LOAD kernel/protect.o
LOAD kernel/proc.o
LOAD kernel/systask.o
LOAD drivers/driver.o
LOAD drivers/blk_dev/hd.o
LOAD drivers/blk_dev/floppy.o
LOAD drivers/blk_dev/rw_blk.o
LOAD drivers/blk_dev/ramdisk.o
LOAD drivers/blk_dev/scsi/scsi.o
LOAD drivers/net/inet.o
LOAD drivers/pci/pci.o
LOAD kernel/kliba.o
LOAD kernel/klib.o
LOAD kernel/sys.o
LOAD kernel/reboot.o
LOAD lib/syslog.o
LOAD mm/main.o
LOAD mm/forkexit.o
LOAD mm/exec.o
LOAD mm/page.o
LOAD mm/memory.o
LOAD mm/signal.o
LOAD fs/main.o
LOAD fs/Lyos/main.o
LOAD fs/Lyos/open.o
LOAD fs/Lyos/misc.o
LOAD fs/Lyos/read_write.o
LOAD fs/Lyos/link.o
LOAD fs/Lyos/file.o
LOAD fs/Lyos/disklog.o
LOAD fs/Lyos/buffer.o
LOAD fs/Lyos/namei.o
LOAD lib/Lyoscrt.a
                0x0000000008048000                PROVIDE (__executable_start, 0x8048000)
                0x0000000008048094                . = (0x8048000 + SIZEOF_HEADERS)

.interp
 *(.interp)

.note.gnu.build-id
 *(.note.gnu.build-id)

.hash
 *(.hash)

.gnu.hash
 *(.gnu.hash)

.dynsym
 *(.dynsym)

.dynstr
 *(.dynstr)

.gnu.version
 *(.gnu.version)

.gnu.version_d
 *(.gnu.version_d)

.gnu.version_r
 *(.gnu.version_r)

.rel.dyn        0x0000000008048094        0x0
 *(.rel.init)
 *(.rel.text .rel.text.* .rel.gnu.linkonce.t.*)
 .rel.text      0x0000000000000000        0x0 kernel/kernel.o
 *(.rel.fini)
 *(.rel.rodata .rel.rodata.* .rel.gnu.linkonce.r.*)
 *(.rel.data.rel.ro* .rel.gnu.linkonce.d.rel.ro.*)
 *(.rel.data .rel.data.* .rel.gnu.linkonce.d.*)
 .rel.data      0x0000000000000000        0x0 kernel/kernel.o
 *(.rel.tdata .rel.tdata.* .rel.gnu.linkonce.td.*)
 *(.rel.tbss .rel.tbss.* .rel.gnu.linkonce.tb.*)
 *(.rel.ctors)
 *(.rel.dtors)
 *(.rel.got)
 *(.rel.bss .rel.bss.* .rel.gnu.linkonce.b.*)
 *(.rel.ifunc)

.rel.plt        0x0000000008048094        0x0
 *(.rel.plt)
                0x0000000008048094                PROVIDE (__rel_iplt_start, .)
 *(.rel.iplt)
 .rel.iplt      0x0000000000000000        0x0 kernel/kernel.o
                0x0000000008048094                PROVIDE (__rel_iplt_end, .)

.init
 *(.init)

.plt            0x0000000008048094        0x0
 *(.plt)
 *(.iplt)
 .iplt          0x0000000000000000        0x0 kernel/kernel.o

.text           0x0000000000001000    0x10066
 *(.text.unlikely .text.*_unlikely)
 *(.text.exit .text.exit.*)
 *(.text.startup .text.startup.*)
 *(.text.hot .text.hot.*)
 *(.text .stub .text.* .gnu.linkonce.t.*)
 .text          0x0000000000001000      0x493 kernel/kernel.o
                0x0000000000001000                _start
                0x0000000000001040                hwint00
                0x0000000000001070                hwint01
                0x00000000000010a0                hwint02
                0x00000000000010d0                hwint03
                0x0000000000001100                hwint04
                0x0000000000001130                hwint05
                0x0000000000001160                hwint06
                0x0000000000001190                hwint07
                0x00000000000011c0                hwint08
                0x00000000000011f0                hwint09
                0x0000000000001220                hwint10
                0x0000000000001250                hwint11
                0x0000000000001280                hwint12
                0x00000000000012b0                hwint13
                0x00000000000012e0                hwint14
                0x0000000000001310                hwint15
                0x0000000000001337                divide_error
                0x0000000000001346                single_step_exception
                0x0000000000001355                nmi
                0x0000000000001364                breakpoint_exception
                0x0000000000001373                overflow
                0x0000000000001382                bounds_check
                0x0000000000001391                inval_opcode
                0x00000000000013a0                copr_not_available
                0x00000000000013af                double_fault
                0x00000000000013b9                copr_seg_overrun
                0x00000000000013c8                inval_tss
                0x00000000000013d2                segment_not_present
                0x00000000000013dc                stack_exception
                0x00000000000013e6                general_protection
                0x00000000000013f0                copr_error
                0x0000000000001448                sys_call
                0x000000000000146b                restart
 *fill*         0x0000000000001493        0x1 90909090
 .text          0x0000000000001494       0x81 kernel/start.o
                0x0000000000001494                cstart
 *fill*         0x0000000000001515        0x3 90909090
 .text          0x0000000000001518      0xa66 kernel/main.o
                0x0000000000001518                kernel_main
                0x0000000000001876                get_ticks
                0x00000000000018ae                untar
                0x0000000000001b84                shell
                0x0000000000001d7d                Init
                0x0000000000001f24                TestA
                0x0000000000001f29                TestB
                0x0000000000001f2e                TestC
                0x0000000000001f33                panic
 *fill*         0x0000000000001f7e        0x2 90909090
 .text          0x0000000000001f80      0x119 kernel/clock.o
                0x0000000000001f80                clock_handler
                0x0000000000001ffa                milli_delay
                0x0000000000002035                init_clock
 *fill*         0x0000000000002099        0x3 90909090
 .text          0x000000000000209c      0x6dd drivers/chr_dev/keyboard.o
                0x000000000000209c                keyboard_handler
                0x0000000000002105                init_keyboard
                0x00000000000021c0                keyboard_read
 *fill*         0x0000000000002779        0x3 90909090
 .text          0x000000000000277c      0xa0d drivers/chr_dev/tty.o
                0x000000000000277c                task_tty
                0x0000000000002933                in_process
                0x0000000000002e82                sys_printx
                0x0000000000003028                dump_tty_buf
 *fill*         0x0000000000003189        0x3 90909090
 .text          0x000000000000318c      0xf9a drivers/chr_dev/console.o
                0x000000000000318c                init_screen
                0x000000000000331b                out_char
                0x00000000000036a9                is_current_console
                0x0000000000003e8b                select_console
                0x0000000000003ec2                scroll_screen
 *fill*         0x0000000000004126        0x2 90909090
 .text          0x0000000000004128      0x13c kernel/i8259.o
                0x0000000000004128                init_8259A
                0x0000000000004219                spurious_irq
                0x0000000000004244                put_irq_handler
 .text          0x0000000000004264        0x0 kernel/global.o
 .text          0x0000000000004264      0xfab kernel/protect.o
                0x0000000000004264                init_prot
                0x00000000000048bf                seg2linear
                0x000000000000490e                init_desc
                0x000000000000497a                exception_handler
 *fill*         0x000000000000520f        0x1 90909090
 .text          0x0000000000005210     0x1a46 kernel/proc.o
                0x0000000000005210                schedule
                0x00000000000052f1                do_setuid
                0x000000000000530d                do_getuid
                0x0000000000005321                do_setgid
                0x000000000000533d                do_getgid
                0x0000000000005351                do_geteuid
                0x0000000000005365                do_getegid
                0x0000000000005379                do_nice
                0x00000000000053bb                sys_sendrec
                0x0000000000005519                ldt_seg_linear
                0x000000000000555d                va2la
                0x00000000000055ca                reset_msg
                0x00000000000065fb                inform_int
                0x00000000000067a7                dumproc
                0x0000000000006b0f                dump_msg
 *fill*         0x0000000000006c56        0x2 90909090
 .text          0x0000000000006c58      0x31e kernel/systask.o
                0x0000000000006c58                task_sys
 *fill*         0x0000000000006f76        0x2 90909090
 .text          0x0000000000006f78       0xdd drivers/driver.o
                0x0000000000006f78                dev_driver_task
 *fill*         0x0000000000007055        0x3 90909090
 .text          0x0000000000007058      0xf84 drivers/blk_dev/hd.o
                0x0000000000007058                task_hd
                0x0000000000007137                do_hd_request
                0x0000000000007fb7                hd_handler
 .text          0x0000000000007fdc      0x383 drivers/blk_dev/floppy.o
                0x0000000000007fdc                task_fd
                0x00000000000082b7                fd_handler
                0x00000000000082ee                do_fd_request
                0x00000000000082f3                init_fd
 *fill*         0x000000000000835f        0x1 90909090
 .text          0x0000000000008360       0x9f drivers/blk_dev/rw_blk.o
                0x0000000000008360                add_request
 *fill*         0x00000000000083ff        0x1 90909090
 .text          0x0000000000008400      0x3f7 drivers/blk_dev/ramdisk.o
                0x0000000000008400                task_rd
                0x00000000000084a5                do_rd_request
                0x00000000000085cb                init_rd
                0x000000000000861d                rd_load_image
 *fill*         0x00000000000087f7        0x1 90909090
 .text          0x00000000000087f8       0xa7 drivers/blk_dev/scsi/scsi.o
                0x00000000000087f8                task_scsi
                0x0000000000008890                scsi_handler
                0x0000000000008895                do_scsi_request
                0x000000000000889a                init_scsi
 *fill*         0x000000000000889f        0x1 90909090
 .text          0x00000000000088a0        0x5 drivers/net/inet.o
                0x00000000000088a0                task_inet
 *fill*         0x00000000000088a5        0x3 90909090
 .text          0x00000000000088a8      0x3fe drivers/pci/pci.o
                0x00000000000088a8                task_pci
                0x0000000000008ca1                pci_init
 *fill*         0x0000000000008ca6        0xa 90909090
 .text          0x0000000000008cb0      0x1b4 kernel/kliba.o
                0x0000000000008cb0                disp_str
                0x0000000000008cf7                disp_color_str
                0x0000000000008d3f                out_byte
                0x0000000000008d4b                in_byte
                0x0000000000008d55                port_read
                0x0000000000008d68                port_write
                0x0000000000008d7b                disable_irq
                0x0000000000008db0                enable_irq
                0x0000000000008dcf                disable_int
                0x0000000000008dd1                enable_int
                0x0000000000008dd3                glitter
 .text          0x0000000000008e64      0x3a9 kernel/klib.o
                0x0000000000008e64                in_word
                0x0000000000008e90                out_word
                0x0000000000008eb2                in_long
                0x0000000000008edb                out_long
                0x0000000000008ef4                get_boot_params
                0x0000000000008f96                get_kernel_map
                0x00000000000090b7                itoa
                0x0000000000009161                disp_int
                0x0000000000009186                printk
                0x00000000000091c7                delay
 *fill*         0x000000000000920d        0x3 90909090
 .text          0x0000000000009210      0x116 kernel/sys.o
                0x0000000000009210                sys_reboot
                0x000000000000921d                do_ftime
                0x0000000000009227                do_mknod
                0x0000000000009231                do_break
                0x000000000000923b                do_ustat
                0x0000000000009245                do_ptrace
                0x000000000000924f                do_stty
                0x0000000000009259                do_gtty
                0x0000000000009263                do_rename
                0x000000000000926d                do_prof
                0x0000000000009277                do_acct
                0x0000000000009281                do_phys
                0x000000000000928b                do_lock
                0x0000000000009295                do_mpx
                0x000000000000929f                do_ulimit
                0x00000000000092a9                do_stime
                0x00000000000092b3                do_times
                0x00000000000092bd                do_brk
                0x00000000000092c7                do_setpgid
                0x00000000000092d1                do_getpgrp
                0x00000000000092db                do_setsid
                0x00000000000092e5                do_uname
                0x000000000000931c                do_umask
 *fill*         0x0000000000009326        0xa 90909090
 .text          0x0000000000009330        0xe kernel/reboot.o
                0x0000000000009334                hard_reboot
 *fill*         0x000000000000933e        0x2 90909090
 .text          0x0000000000009340       0x78 lib/syslog.o
                0x0000000000009340                syslog
 .text          0x00000000000093b8      0x33a mm/main.o
                0x00000000000093b8                task_mm
                0x000000000000965f                alloc_mem
                0x00000000000096e8                free_mem
 *fill*         0x00000000000096f2        0x2 90909090
 .text          0x00000000000096f4      0x688 mm/forkexit.o
                0x00000000000096f4                do_fork
                0x0000000000009aec                do_exit
                0x0000000000009cc1                do_wait
 .text          0x0000000000009d7c      0x3ad mm/exec.o
                0x0000000000009d7c                do_exec
 *fill*         0x000000000000a129        0x7 90909090
 .text          0x000000000000a130       0x45 mm/page.o
                0x000000000000a130                page_fault
 *fill*         0x000000000000a175        0x3 90909090
 .text          0x000000000000a178        0xa mm/memory.o
                0x000000000000a178                wp_page
                0x000000000000a17d                no_page
 *fill*         0x000000000000a182        0x2 90909090
 .text          0x000000000000a184      0x2b6 mm/signal.o
                0x000000000000a184                do_sigaction
                0x000000000000a2dc                do_alarm
                0x000000000000a398                do_kill
                0x000000000000a411                do_raise
 *fill*         0x000000000000a43a        0x2 90909090
 .text          0x000000000000a43c        0x0 fs/main.o
 .text          0x000000000000a43c     0x14ab fs/Lyos/main.o
                0x000000000000a43c                task_fs
                0x000000000000a6b8                init_fs
                0x000000000000a759                mount_root
                0x000000000000b267                rw_sector
                0x000000000000b313                read_super_block
                0x000000000000b486                get_super_block
                0x000000000000b4cd                get_inode
                0x000000000000b64a                put_inode
                0x000000000000b68f                sync_inode
 *fill*         0x000000000000b8e7        0x1 90909090
 .text          0x000000000000b8e8      0xe84 fs/Lyos/open.o
                0x000000000000b8e8                do_open
                0x000000000000bee7                do_mkdir
                0x000000000000bf6e                do_close
                0x000000000000bff1                do_lseek
                0x000000000000c0ab                do_chdir
                0x000000000000c128                do_chroot
                0x000000000000c71e                do_mount
                0x000000000000c762                do_umount
 .text          0x000000000000c76c      0x1ef fs/Lyos/misc.o
                0x000000000000c76c                do_stat
 *fill*         0x000000000000c95b        0x1 90909090
 .text          0x000000000000c95c      0x552 fs/Lyos/read_write.o
                0x000000000000c95c                do_rdwt
 *fill*         0x000000000000ceae        0x2 90909090
 .text          0x000000000000ceb0      0x951 fs/Lyos/link.o
                0x000000000000ceb0                do_unlink
 *fill*         0x000000000000d801        0x3 90909090
 .text          0x000000000000d804      0x280 fs/Lyos/file.o
                0x000000000000d804                file_open
                0x000000000000da32                file_read
                0x000000000000da5b                file_write
 .text          0x000000000000da84     0x2242 fs/Lyos/disklog.o
                0x000000000000da84                disklog
                0x000000000000e106                dump_fd_graph
 *fill*         0x000000000000fcc6        0x2 90909090
 .text          0x000000000000fcc8      0x1f5 fs/Lyos/buffer.o
                0x000000000000fcc8                get_buffer
                0x000000000000fd3d                find_buffer
                0x000000000000fdb1                sync_buffer
                0x000000000000fdb6                do_sync
                0x000000000000fdbb                free_buffer
                0x000000000000fdc0                init_buffer
 *fill*         0x000000000000febd        0x3 90909090
 .text          0x000000000000fec0      0x45f fs/Lyos/namei.o
                0x000000000000fec0                namei
                0x00000000000100bb                find_entry
                0x00000000000101d8                search_file
                0x000000000001025f                strip_path
 *fill*         0x000000000001031f        0x1 90909090
 .text          0x0000000000010320       0xc6 lib/Lyoscrt.a(printf.o)
                0x0000000000010320                printf
                0x00000000000103a2                printl
 *fill*         0x00000000000103e6        0x2 90909090
 .text          0x00000000000103e8      0x31d lib/Lyoscrt.a(vsprintf.o)
                0x0000000000010453                vsprintf
                0x00000000000106db                sprintf
 *fill*         0x0000000000010705        0xb 90909090
 .text          0x0000000000010710       0x87 lib/Lyoscrt.a(string.o)
                0x0000000000010710                memcpy
                0x000000000001073f                memset
                0x0000000000010766                strcpy
                0x000000000001077e                strlen
 *fill*         0x0000000000010797        0x1 90909090
 .text          0x0000000000010798      0x257 lib/Lyoscrt.a(misc.o)
                0x0000000000010798                send_recv
                0x000000000001087f                memcmp
                0x00000000000108f9                strcmp
                0x0000000000010970                strcat
                0x00000000000109cf                spin
                0x00000000000109ea                assertion_failure
 *fill*         0x00000000000109ef        0x1 90909090
 .text          0x00000000000109f0       0xe2 lib/Lyoscrt.a(open.o)
                0x00000000000109f0                open
                0x0000000000010a63                mkdir
 *fill*         0x0000000000010ad2        0x2 90909090
 .text          0x0000000000010ad4       0x3f lib/Lyoscrt.a(read.o)
                0x0000000000010ad4                read
 *fill*         0x0000000000010b13        0x1 90909090
 .text          0x0000000000010b14       0x3f lib/Lyoscrt.a(write.o)
                0x0000000000010b14                write
 *fill*         0x0000000000010b53        0x1 90909090
 .text          0x0000000000010b54       0x33 lib/Lyoscrt.a(close.o)
                0x0000000000010b54                close
 *fill*         0x0000000000010b87        0x1 90909090
 .text          0x0000000000010b88       0x3f lib/Lyoscrt.a(lseek.o)
                0x0000000000010b88                lseek
 *fill*         0x0000000000010bc7        0x1 90909090
 .text          0x0000000000010bc8       0x59 lib/Lyoscrt.a(getpid.o)
                0x0000000000010bc8                getpid
 *fill*         0x0000000000010c21        0x3 90909090
 .text          0x0000000000010c24       0x73 lib/Lyoscrt.a(stat.o)
                0x0000000000010c24                stat
 *fill*         0x0000000000010c97        0x1 90909090
 .text          0x0000000000010c98       0x84 lib/Lyoscrt.a(fork.o)
                0x0000000000010c98                fork
 .text          0x0000000000010d1c       0x44 lib/Lyoscrt.a(wait.o)
                0x0000000000010d1c                wait
 .text          0x0000000000010d60      0x262 lib/Lyoscrt.a(exec.o)
                0x0000000000010d60                exec
                0x0000000000010ddb                execl
                0x0000000000010e01                execv
 *fill*         0x0000000000010fc2        0x2 90909090
 .text          0x0000000000010fc4       0x65 lib/Lyoscrt.a(uname.o)
                0x0000000000010fc4                uname
 *fill*         0x0000000000011029        0x7 90909090
 .text          0x0000000000011030       0x36 lib/Lyoscrt.a(syscall.o)
                0x0000000000011030                sendrec
                0x000000000001104a                printx
                0x0000000000011058                reboot
 *(.gnu.warning)

.fini
 *(.fini)
                0x0000000000011066                PROVIDE (__etext, .)
                0x0000000000011066                PROVIDE (_etext, .)
                0x0000000000011066                PROVIDE (etext, .)

.rodata         0x0000000000011068     0x23db
 *(.rodata .rodata.* .gnu.linkonce.r.*)
 .rodata        0x0000000000011068      0x1a1 kernel/main.o
 *fill*         0x0000000000011209        0x3 00
 .rodata        0x000000000001120c       0x64 drivers/chr_dev/keyboard.o
 .rodata        0x0000000000011270      0x148 drivers/chr_dev/tty.o
 .rodata        0x00000000000113b8       0xfb drivers/chr_dev/console.o
 .rodata        0x00000000000114b3       0x11 kernel/i8259.o
 .rodata        0x00000000000114c4       0x10 kernel/global.o
                0x00000000000114c4                FSBUF_SIZE
                0x00000000000114c8                MMBUF_SIZE
                0x00000000000114cc                LOGBUF_SIZE
                0x00000000000114d0                LOGDISKBUF_SIZE
 .rodata        0x00000000000114d4       0x6a kernel/protect.o
 *fill*         0x000000000001153e        0x2 00
 .rodata        0x0000000000011540      0x57a kernel/proc.o
 .rodata        0x0000000000011aba       0x11 kernel/systask.o
 *fill*         0x0000000000011acb        0x1 00
 .rodata        0x0000000000011acc       0x58 drivers/driver.o
 .rodata        0x0000000000011b24      0x1b2 drivers/blk_dev/hd.o
 *fill*         0x0000000000011cd6        0x2 00
 .rodata        0x0000000000011cd8       0xb6 drivers/blk_dev/floppy.o
 *fill*         0x0000000000011d8e        0x2 00
 .rodata        0x0000000000011d90      0x104 drivers/blk_dev/ramdisk.o
 .rodata        0x0000000000011e94       0x54 drivers/blk_dev/scsi/scsi.o
 .rodata        0x0000000000011ee8       0x6a kernel/klib.o
 .rodata        0x0000000000011f52       0x1e lib/syslog.o
 .rodata        0x0000000000011f70      0x121 mm/main.o
 *fill*         0x0000000000012091        0x3 00
 .rodata        0x0000000000012094       0xe7 mm/forkexit.o
 *fill*         0x000000000001217b        0x1 00
 .rodata        0x000000000001217c       0xa0 mm/exec.o
 .rodata        0x000000000001221c      0x2db fs/Lyos/main.o
 *fill*         0x00000000000124f7        0x1 00
 .rodata        0x00000000000124f8      0x168 fs/Lyos/open.o
 .rodata        0x0000000000012660       0x5b fs/Lyos/misc.o
 *fill*         0x00000000000126bb        0x1 00
 .rodata        0x00000000000126bc      0x16c fs/Lyos/read_write.o
 .rodata        0x0000000000012828      0x1b5 fs/Lyos/link.o
 *fill*         0x00000000000129dd        0x3 00
 .rodata        0x00000000000129e0      0x80a fs/Lyos/disklog.o
 *fill*         0x00000000000131ea        0x2 00
 .rodata        0x00000000000131ec       0x5c fs/Lyos/buffer.o
 .rodata        0x0000000000013248       0x36 fs/Lyos/namei.o
 .rodata        0x000000000001327e       0x14 lib/Lyoscrt.a(printf.o)
 *fill*         0x0000000000013292        0x2 00
 .rodata        0x0000000000013294       0x63 lib/Lyoscrt.a(misc.o)
 .rodata        0x00000000000132f7       0x23 lib/Lyoscrt.a(open.o)
 .rodata        0x000000000001331a       0x25 lib/Lyoscrt.a(getpid.o)
 .rodata        0x000000000001333f       0x23 lib/Lyoscrt.a(stat.o)
 .rodata        0x0000000000013362       0x33 lib/Lyoscrt.a(fork.o)
 *fill*         0x0000000000013395        0x3 00
 .rodata        0x0000000000013398       0x87 lib/Lyoscrt.a(exec.o)
 .rodata        0x000000000001341f       0x24 lib/Lyoscrt.a(uname.o)

.rodata1
 *(.rodata1)

.eh_frame_hdr
 *(.eh_frame_hdr)

.eh_frame
 *(.eh_frame)

.gcc_except_table
 *(.gcc_except_table .gcc_except_table.*)
                0x0000000000013443                . = (ALIGN (0x1000) - ((0x1000 - .) & 0xfff))
                0x0000000000014443                . = DATA_SEGMENT_ALIGN (0x1000, 0x1000)

.eh_frame
 *(.eh_frame)

.gcc_except_table
 *(.gcc_except_table .gcc_except_table.*)

.tdata
 *(.tdata .tdata.* .gnu.linkonce.td.*)

.tbss
 *(.tbss .tbss.* .gnu.linkonce.tb.*)
 *(.tcommon)

.preinit_array  0x0000000000014443        0x0
                0x0000000000014443                PROVIDE (__preinit_array_start, .)
 *(.preinit_array)
                0x0000000000014443                PROVIDE (__preinit_array_end, .)

.init_array     0x0000000000014443        0x0
                0x0000000000014443                PROVIDE (__init_array_start, .)
 *(SORT(.init_array.*))
 *(.init_array)
                0x0000000000014443                PROVIDE (__init_array_end, .)

.fini_array     0x0000000000014443        0x0
                0x0000000000014443                PROVIDE (__fini_array_start, .)
 *(SORT(.fini_array.*))
 *(.fini_array)
                0x0000000000014443                PROVIDE (__fini_array_end, .)

.ctors
 *crtbegin.o(.ctors)
 *crtbegin?.o(.ctors)
 *(EXCLUDE_FILE(*crtend?.o *crtend.o) .ctors)
 *(SORT(.ctors.*))
 *(.ctors)

.dtors
 *crtbegin.o(.dtors)
 *crtbegin?.o(.dtors)
 *(EXCLUDE_FILE(*crtend?.o *crtend.o) .dtors)
 *(SORT(.dtors.*))
 *(.dtors)

.jcr
 *(.jcr)

.data.rel.ro
 *(.data.rel.ro.local* .gnu.linkonce.d.rel.ro.local.*)
 *(.data.rel.ro* .gnu.linkonce.d.rel.ro.*)

.dynamic
 *(.dynamic)

.got
 *(.got)
 *(.igot)
                0x0000000000014443                . = DATA_SEGMENT_RELRO_END (., 0xc)

.got.plt        0x0000000000014444        0x0
 *(.got.plt)
 *(.igot.plt)
 .igot.plt      0x0000000000000000        0x0 kernel/kernel.o

.data           0x0000000000014460      0xa2c
 *(.data .data.* .gnu.linkonce.d.*)
 .data          0x0000000000014460        0x2 kernel/kernel.o
 *fill*         0x0000000000014462        0x2 00
 .data          0x0000000000014464        0x0 kernel/start.o
 .data          0x0000000000014464        0x0 kernel/main.o
 .data          0x0000000000014464        0x0 kernel/clock.o
 *fill*         0x0000000000014464       0x1c 00
 .data          0x0000000000014480      0x600 drivers/chr_dev/keyboard.o
                0x0000000000014480                keymap
 .data          0x0000000000014a80       0x22 drivers/chr_dev/tty.o
 *fill*         0x0000000000014aa2        0x2 00
 .data          0x0000000000014aa4        0x0 drivers/chr_dev/console.o
 .data          0x0000000000014aa4        0x0 kernel/i8259.o
 *fill*         0x0000000000014aa4       0x1c 00
 .data          0x0000000000014ac0      0x2d8 kernel/global.o
                0x0000000000014ac0                ROOT_DEV
                0x0000000000014ae0                task_table
                0x0000000000014c80                user_proc_table
                0x0000000000014d20                sys_call_table
                0x0000000000014d40                thisname
                0x0000000000014d6d                dd_map
                0x0000000000014d88                fsbuf
                0x0000000000014d8c                mmbuf
                0x0000000000014d90                logbuf
                0x0000000000014d94                logdiskbuf
 .data          0x0000000000014d98        0x0 kernel/protect.o
 .data          0x0000000000014d98        0x0 kernel/proc.o
 .data          0x0000000000014d98        0x0 kernel/systask.o
 .data          0x0000000000014d98        0x0 drivers/driver.o
 .data          0x0000000000014d98        0x0 drivers/blk_dev/hd.o
 *fill*         0x0000000000014d98        0x8 00
 .data          0x0000000000014da0       0xe4 drivers/blk_dev/floppy.o
                0x0000000000014e80                floppy_buffer
 .data          0x0000000000014e84        0x0 drivers/blk_dev/rw_blk.o
 .data          0x0000000000014e84        0x0 drivers/blk_dev/ramdisk.o
 .data          0x0000000000014e84        0x0 drivers/blk_dev/scsi/scsi.o
 .data          0x0000000000014e84        0x0 drivers/net/inet.o
 .data          0x0000000000014e84        0x0 drivers/pci/pci.o
 .data          0x0000000000014e84        0x0 kernel/klib.o
 .data          0x0000000000014e84        0x0 kernel/sys.o
 .data          0x0000000000014e84        0x0 lib/syslog.o
 .data          0x0000000000014e84        0x0 mm/main.o
 .data          0x0000000000014e84        0x0 mm/forkexit.o
 .data          0x0000000000014e84        0x0 mm/exec.o
 .data          0x0000000000014e84        0x0 mm/memory.o
 .data          0x0000000000014e84        0x0 mm/signal.o
 .data          0x0000000000014e84        0x0 fs/main.o
 .data          0x0000000000014e84        0x0 fs/Lyos/main.o
 .data          0x0000000000014e84        0x0 fs/Lyos/open.o
 .data          0x0000000000014e84        0x0 fs/Lyos/misc.o
 .data          0x0000000000014e84        0x0 fs/Lyos/read_write.o
 .data          0x0000000000014e84        0x0 fs/Lyos/link.o
 .data          0x0000000000014e84        0x0 fs/Lyos/file.o
 .data          0x0000000000014e84        0x0 fs/Lyos/disklog.o
 .data          0x0000000000014e84        0x0 fs/Lyos/buffer.o
 .data          0x0000000000014e84        0x5 fs/Lyos/namei.o
                0x0000000000014e84                dot1
                0x0000000000014e86                dot2
 *fill*         0x0000000000014e89        0x3 00
 .data          0x0000000000014e8c        0x0 lib/Lyoscrt.a(printf.o)
 .data          0x0000000000014e8c        0x0 lib/Lyoscrt.a(vsprintf.o)
 .data          0x0000000000014e8c        0x0 lib/Lyoscrt.a(misc.o)
 .data          0x0000000000014e8c        0x0 lib/Lyoscrt.a(open.o)
 .data          0x0000000000014e8c        0x0 lib/Lyoscrt.a(read.o)
 .data          0x0000000000014e8c        0x0 lib/Lyoscrt.a(write.o)
 .data          0x0000000000014e8c        0x0 lib/Lyoscrt.a(close.o)
 .data          0x0000000000014e8c        0x0 lib/Lyoscrt.a(lseek.o)
 .data          0x0000000000014e8c        0x0 lib/Lyoscrt.a(getpid.o)
 .data          0x0000000000014e8c        0x0 lib/Lyoscrt.a(stat.o)
 .data          0x0000000000014e8c        0x0 lib/Lyoscrt.a(fork.o)
 .data          0x0000000000014e8c        0x0 lib/Lyoscrt.a(wait.o)
 .data          0x0000000000014e8c        0x0 lib/Lyoscrt.a(exec.o)
 .data          0x0000000000014e8c        0x0 lib/Lyoscrt.a(uname.o)

.data1
 *(.data1)
                0x0000000000014e8c                _edata = .
                0x0000000000014e8c                PROVIDE (edata, .)
                0x0000000000014e8c                __bss_start = .

.bss            0x0000000000014ea0    0x45988
 *(.dynbss)
 *(.bss .bss.* .gnu.linkonce.b.*)
 .bss           0x0000000000014ea0      0x800 kernel/kernel.o
 .bss           0x00000000000156a0        0x0 kernel/start.o
 .bss           0x00000000000156a0        0x0 kernel/main.o
 .bss           0x00000000000156a0        0x0 kernel/clock.o
 .bss           0x00000000000156a0       0x58 drivers/chr_dev/keyboard.o
 .bss           0x00000000000156f8        0x0 drivers/chr_dev/tty.o
 .bss           0x00000000000156f8        0x0 drivers/chr_dev/console.o
 .bss           0x00000000000156f8        0x0 kernel/i8259.o
 .bss           0x00000000000156f8        0x0 kernel/global.o
 .bss           0x00000000000156f8        0x0 kernel/protect.o
 .bss           0x00000000000156f8        0x0 kernel/proc.o
 .bss           0x00000000000156f8        0x0 kernel/systask.o
 .bss           0x00000000000156f8        0x0 drivers/driver.o
 *fill*         0x00000000000156f8        0x8 00
 .bss           0x0000000000015700      0x64c drivers/blk_dev/hd.o
 .bss           0x0000000000015d4c        0x0 drivers/blk_dev/floppy.o
 *fill*         0x0000000000015d4c       0x14 00
 .bss           0x0000000000015d60       0x38 drivers/blk_dev/rw_blk.o
                0x0000000000015d60                blk_dev_table
 .bss           0x0000000000015d98        0x0 drivers/blk_dev/ramdisk.o
 .bss           0x0000000000015d98        0x0 drivers/blk_dev/scsi/scsi.o
 .bss           0x0000000000015d98        0x0 drivers/net/inet.o
 .bss           0x0000000000015d98        0x0 drivers/pci/pci.o
 .bss           0x0000000000015d98        0x0 kernel/klib.o
 .bss           0x0000000000015d98        0x0 kernel/sys.o
 .bss           0x0000000000015d98        0x0 lib/syslog.o
 .bss           0x0000000000015d98        0x4 mm/main.o
 .bss           0x0000000000015d9c        0x0 mm/forkexit.o
 .bss           0x0000000000015d9c        0x0 mm/exec.o
 .bss           0x0000000000015d9c        0x0 mm/memory.o
 .bss           0x0000000000015d9c        0x0 mm/signal.o
 .bss           0x0000000000015d9c        0x0 fs/main.o
 .bss           0x0000000000015d9c        0x0 fs/Lyos/main.o
 .bss           0x0000000000015d9c        0x0 fs/Lyos/open.o
 .bss           0x0000000000015d9c        0x0 fs/Lyos/misc.o
 .bss           0x0000000000015d9c        0x0 fs/Lyos/read_write.o
 .bss           0x0000000000015d9c        0x0 fs/Lyos/link.o
 .bss           0x0000000000015d9c        0x0 fs/Lyos/file.o
 *fill*         0x0000000000015d9c        0x4 00
 .bss           0x0000000000015da0      0x208 fs/Lyos/disklog.o
 .bss           0x0000000000015fa8        0x0 fs/Lyos/buffer.o
 .bss           0x0000000000015fa8        0x0 fs/Lyos/namei.o
 .bss           0x0000000000015fa8        0x0 lib/Lyoscrt.a(printf.o)
 .bss           0x0000000000015fa8        0x0 lib/Lyoscrt.a(vsprintf.o)
 .bss           0x0000000000015fa8        0x0 lib/Lyoscrt.a(misc.o)
 .bss           0x0000000000015fa8        0x0 lib/Lyoscrt.a(open.o)
 .bss           0x0000000000015fa8        0x0 lib/Lyoscrt.a(read.o)
 .bss           0x0000000000015fa8        0x0 lib/Lyoscrt.a(write.o)
 .bss           0x0000000000015fa8        0x0 lib/Lyoscrt.a(close.o)
 .bss           0x0000000000015fa8        0x0 lib/Lyoscrt.a(lseek.o)
 .bss           0x0000000000015fa8        0x0 lib/Lyoscrt.a(getpid.o)
 .bss           0x0000000000015fa8        0x0 lib/Lyoscrt.a(stat.o)
 .bss           0x0000000000015fa8        0x0 lib/Lyoscrt.a(fork.o)
 .bss           0x0000000000015fa8        0x0 lib/Lyoscrt.a(wait.o)
 .bss           0x0000000000015fa8        0x0 lib/Lyoscrt.a(exec.o)
 .bss           0x0000000000015fa8        0x0 lib/Lyoscrt.a(uname.o)
 *(COMMON)
 *fill*         0x0000000000015fa8       0x18 00
 COMMON         0x0000000000015fc0    0x44840 kernel/global.o
                0x0000000000015fc0                rd_length
                0x0000000000015fc4                idt_ptr
                0x0000000000015fe0                inode_table
                0x0000000000016ae0                task_stack
                0x000000000004eae0                errno
                0x000000000004eae4                mem_start
                0x000000000004eae8                k_reenter
                0x000000000004eaec                buffer_base
                0x000000000004eb00                gdt
                0x000000000004ef00                current_console
                0x000000000004ef04                pcaller
                0x000000000004ef20                tty_table
                0x000000000004fbf4                buffer_length
                0x000000000004fc00                tss
                0x000000000004fc80                fs_msg
                0x000000000004fcb0                memory_size
                0x000000000004fcc0                f_desc_table
                0x00000000000501c0                root_inode
                0x00000000000501c4                current
                0x00000000000501c8                disp_pos
                0x00000000000501e0                mm_msg
                0x0000000000050210                key_pressed
                0x0000000000050220                buffer_table
                0x0000000000051634                gdt_ptr
                0x000000000005163c                kernel_addr
                0x0000000000051640                jiffies
                0x0000000000051660                idt
                0x0000000000051e60                super_block
                0x0000000000052040                console_table
                0x00000000000520c0                rd_base
                0x00000000000520e0                irq_table
                0x0000000000052120                proc_table
                0x000000000005a7fc                nr_buffer
 COMMON         0x000000000005a800       0x10 drivers/blk_dev/hd.o
                0x000000000005a800                PARTITION_ENTRY
 COMMON         0x000000000005a810       0x18 drivers/blk_dev/floppy.o
                0x000000000005a810                reply
                0x000000000005a818                drive_type
                0x000000000005a828                . = ALIGN ((. != 0x0)?0x4:0x1)
                0x000000000005a828                . = ALIGN (0x4)
                0x000000000005a828                . = ALIGN (0x4)
                0x000000000005a828                _end = .
                0x000000000005a828                PROVIDE (end, .)
                0x000000000005a828                . = DATA_SEGMENT_END (.)

.stab
 *(.stab)

.stabstr
 *(.stabstr)

.stab.excl
 *(.stab.excl)

.stab.exclstr
 *(.stab.exclstr)

.stab.index
 *(.stab.index)

.stab.indexstr
 *(.stab.indexstr)

.comment        0x0000000000000000       0xe4
 *(.comment)
 .comment       0x0000000000000000       0x1f kernel/kernel.o
 .comment       0x000000000000001f       0x2a kernel/start.o
                                         0x2b (size before relaxing)
 .comment       0x0000000000000000       0x2b kernel/main.o
 .comment       0x0000000000000000       0x2b kernel/clock.o
 .comment       0x0000000000000000       0x2b drivers/chr_dev/keyboard.o
 .comment       0x0000000000000000       0x2b drivers/chr_dev/tty.o
 .comment       0x0000000000000000       0x2b drivers/chr_dev/console.o
 .comment       0x0000000000000000       0x2b kernel/i8259.o
 .comment       0x0000000000000000       0x2b kernel/global.o
 .comment       0x0000000000000000       0x2b kernel/protect.o
 .comment       0x0000000000000000       0x2b kernel/proc.o
 .comment       0x0000000000000000       0x2b kernel/systask.o
 .comment       0x0000000000000000       0x2b drivers/driver.o
 .comment       0x0000000000000000       0x2b drivers/blk_dev/hd.o
 .comment       0x0000000000000000       0x2b drivers/blk_dev/floppy.o
 .comment       0x0000000000000000       0x2b drivers/blk_dev/rw_blk.o
 .comment       0x0000000000000000       0x2b drivers/blk_dev/ramdisk.o
 .comment       0x0000000000000000       0x2b drivers/blk_dev/scsi/scsi.o
 .comment       0x0000000000000000       0x2b drivers/net/inet.o
 .comment       0x0000000000000000       0x2b drivers/pci/pci.o
 .comment       0x0000000000000049       0x1f kernel/kliba.o
 .comment       0x0000000000000000       0x2b kernel/klib.o
 .comment       0x0000000000000000       0x2b kernel/sys.o
 .comment       0x0000000000000068       0x1f kernel/reboot.o
 .comment       0x0000000000000000       0x2b lib/syslog.o
 .comment       0x0000000000000000       0x2b mm/main.o
 .comment       0x0000000000000000       0x2b mm/forkexit.o
 .comment       0x0000000000000000       0x2b mm/exec.o
 .comment       0x0000000000000087       0x1f mm/page.o
 .comment       0x0000000000000000       0x2b mm/memory.o
 .comment       0x0000000000000000       0x2b mm/signal.o
 .comment       0x0000000000000000       0x2b fs/main.o
 .comment       0x0000000000000000       0x2b fs/Lyos/main.o
 .comment       0x0000000000000000       0x2b fs/Lyos/open.o
 .comment       0x0000000000000000       0x2b fs/Lyos/misc.o
 .comment       0x0000000000000000       0x2b fs/Lyos/read_write.o
 .comment       0x0000000000000000       0x2b fs/Lyos/link.o
 .comment       0x0000000000000000       0x2b fs/Lyos/file.o
 .comment       0x0000000000000000       0x2b fs/Lyos/disklog.o
 .comment       0x0000000000000000       0x2b fs/Lyos/buffer.o
 .comment       0x0000000000000000       0x2b fs/Lyos/namei.o
 .comment       0x0000000000000000       0x2b lib/Lyoscrt.a(printf.o)
 .comment       0x0000000000000000       0x2b lib/Lyoscrt.a(vsprintf.o)
 .comment       0x00000000000000a6       0x1f lib/Lyoscrt.a(string.o)
 .comment       0x0000000000000000       0x2b lib/Lyoscrt.a(misc.o)
 .comment       0x0000000000000000       0x2b lib/Lyoscrt.a(open.o)
 .comment       0x0000000000000000       0x2b lib/Lyoscrt.a(read.o)
 .comment       0x0000000000000000       0x2b lib/Lyoscrt.a(write.o)
 .comment       0x0000000000000000       0x2b lib/Lyoscrt.a(close.o)
 .comment       0x0000000000000000       0x2b lib/Lyoscrt.a(lseek.o)
 .comment       0x0000000000000000       0x2b lib/Lyoscrt.a(getpid.o)
 .comment       0x0000000000000000       0x2b lib/Lyoscrt.a(stat.o)
 .comment       0x0000000000000000       0x2b lib/Lyoscrt.a(fork.o)
 .comment       0x0000000000000000       0x2b lib/Lyoscrt.a(wait.o)
 .comment       0x0000000000000000       0x2b lib/Lyoscrt.a(exec.o)
 .comment       0x0000000000000000       0x2b lib/Lyoscrt.a(uname.o)
 .comment       0x00000000000000c5       0x1f lib/Lyoscrt.a(syscall.o)

.debug
 *(.debug)

.line
 *(.line)

.debug_srcinfo
 *(.debug_srcinfo)

.debug_sfnames
 *(.debug_sfnames)

.debug_aranges
 *(.debug_aranges)

.debug_pubnames
 *(.debug_pubnames)

.debug_info
 *(.debug_info .gnu.linkonce.wi.*)

.debug_abbrev
 *(.debug_abbrev)

.debug_line
 *(.debug_line)

.debug_frame
 *(.debug_frame)

.debug_str
 *(.debug_str)

.debug_loc
 *(.debug_loc)

.debug_macinfo
 *(.debug_macinfo)

.debug_weaknames
 *(.debug_weaknames)

.debug_funcnames
 *(.debug_funcnames)

.debug_typenames
 *(.debug_typenames)

.debug_varnames
 *(.debug_varnames)

.debug_pubtypes
 *(.debug_pubtypes)

.debug_ranges
 *(.debug_ranges)

.gnu.attributes
 *(.gnu.attributes)

/DISCARD/
 *(.note.GNU-stack)
 *(.gnu_debuglink)
 *(.gnu.lto_*)
OUTPUT(kernel.bin elf32-i386)
