Archive member included because of file (symbol)

lib/lyoscrt.a(x86_lib.o)      kernel/krnl.o (strcpy)
lib/lyoscrt.a(printf.o)       kernel/krnl.o (printf)
lib/lyoscrt.a(vsprintf.o)     kernel/krnl.o (vsprintf)
lib/lyoscrt.a(misc.o)         kernel/krnl.o (send_recv)
lib/lyoscrt.a(open.o)         kernel/krnl.o (open)
lib/lyoscrt.a(read.o)         kernel/krnl.o (read)
lib/lyoscrt.a(write.o)        kernel/krnl.o (write)
lib/lyoscrt.a(close.o)        kernel/krnl.o (close)
lib/lyoscrt.a(lseek.o)        kernel/krnl.o (lseek)
lib/lyoscrt.a(getpid.o)       fs/fs.o (getpid)
lib/lyoscrt.a(stat.o)         mm/mm.o (stat)
lib/lyoscrt.a(fork.o)         kernel/krnl.o (fork)
lib/lyoscrt.a(wait.o)         kernel/krnl.o (wait)
lib/lyoscrt.a(exec.o)         kernel/krnl.o (execv)
lib/lyoscrt.a(uname.o)        kernel/krnl.o (uname)

Allocating common symbols
Common symbol       size              file

rd_length           0x4               kernel/krnl.o
idt_ptr             0x6               kernel/krnl.o
inode_table         0xb00             kernel/krnl.o
task_stack          0x3c000           kernel/krnl.o
errno               0x4               kernel/krnl.o
mem_start           0x4               kernel/krnl.o
k_reenter           0x4               kernel/krnl.o
buffer_base         0x4               kernel/krnl.o
gdt                 0x400             kernel/krnl.o
current_console     0x4               kernel/krnl.o
pcaller             0x4               kernel/krnl.o
tty_table           0xcd2             kernel/krnl.o
buffer_length       0x4               kernel/krnl.o
tss                 0x68              kernel/krnl.o
fs_msg              0x30              kernel/krnl.o
reply               0x7               drivers/drivers.o
memory_size         0x4               kernel/krnl.o
f_desc_table        0x500             kernel/krnl.o
root_inode          0x4               kernel/krnl.o
current             0x4               kernel/krnl.o
selected            0x1               drivers/drivers.o
disp_pos            0x4               kernel/krnl.o
mm_msg              0x30              kernel/krnl.o
key_pressed         0x4               kernel/krnl.o
buffer_table        0x1414            kernel/krnl.o
gdt_ptr             0x6               kernel/krnl.o
kernel_addr         0x4               kernel/krnl.o
jiffies             0x4               kernel/krnl.o
idt                 0x800             kernel/krnl.o
super_block         0x1e0             kernel/krnl.o
PARTITION_ENTRY     0x10              fs/fs.o
motor               0x4               drivers/drivers.o
console_table       0x7e              kernel/krnl.o
rd_base             0x4               kernel/krnl.o
irq_table           0x40              kernel/krnl.o
drive_type          0x10              drivers/drivers.o
proc_table          0x86dc            kernel/krnl.o
nr_buffer           0x4               kernel/krnl.o

Discarded input sections

 .note.GNU-stack
                0x0000000000000000        0x0 kernel/krnl.o
 .note.GNU-stack
                0x0000000000000000        0x0 fs/fs.o
 .note.GNU-stack
                0x0000000000000000        0x0 mm/mm.o
 .note.GNU-stack
                0x0000000000000000        0x0 drivers/drivers.o
 .note.GNU-stack
                0x0000000000000000        0x0 lib/syslog.o
 .note.GNU-stack
                0x0000000000000000        0x0 lib/lyoscrt.a(printf.o)
 .note.GNU-stack
                0x0000000000000000        0x0 lib/lyoscrt.a(vsprintf.o)
 .note.GNU-stack
                0x0000000000000000        0x0 lib/lyoscrt.a(misc.o)
 .note.GNU-stack
                0x0000000000000000        0x0 lib/lyoscrt.a(open.o)
 .note.GNU-stack
                0x0000000000000000        0x0 lib/lyoscrt.a(read.o)
 .note.GNU-stack
                0x0000000000000000        0x0 lib/lyoscrt.a(write.o)
 .note.GNU-stack
                0x0000000000000000        0x0 lib/lyoscrt.a(close.o)
 .note.GNU-stack
                0x0000000000000000        0x0 lib/lyoscrt.a(lseek.o)
 .note.GNU-stack
                0x0000000000000000        0x0 lib/lyoscrt.a(getpid.o)
 .note.GNU-stack
                0x0000000000000000        0x0 lib/lyoscrt.a(stat.o)
 .note.GNU-stack
                0x0000000000000000        0x0 lib/lyoscrt.a(fork.o)
 .note.GNU-stack
                0x0000000000000000        0x0 lib/lyoscrt.a(wait.o)
 .note.GNU-stack
                0x0000000000000000        0x0 lib/lyoscrt.a(exec.o)
 .note.GNU-stack
                0x0000000000000000        0x0 lib/lyoscrt.a(uname.o)

Memory Configuration

Name             Origin             Length             Attributes
*default*        0x0000000000000000 0xffffffffffffffff

Linker script and memory map

Address of section .text set to 0x1000
LOAD kernel/krnl.o
LOAD fs/fs.o
LOAD mm/mm.o
LOAD drivers/drivers.o
LOAD lib/syslog.o
LOAD lib/lyoscrt.a
                0x0000000008048000                PROVIDE (__executable_start, 0x8048000)
                0x0000000008048094                . = (0x8048000 + SIZEOF_HEADERS)

.interp
 *(.interp)

.note.gnu.build-id
 *(.note.gnu.build-id)

.hash
 *(.hash)

.gnu.hash
 *(.gnu.hash)

.dynsym
 *(.dynsym)

.dynstr
 *(.dynstr)

.gnu.version
 *(.gnu.version)

.gnu.version_d
 *(.gnu.version_d)

.gnu.version_r
 *(.gnu.version_r)

.rel.dyn        0x0000000008048094        0x0
 *(.rel.init)
 *(.rel.text .rel.text.* .rel.gnu.linkonce.t.*)
 .rel.text      0x0000000000000000        0x0 kernel/krnl.o
 *(.rel.fini)
 *(.rel.rodata .rel.rodata.* .rel.gnu.linkonce.r.*)
 *(.rel.data.rel.ro* .rel.gnu.linkonce.d.rel.ro.*)
 *(.rel.data .rel.data.* .rel.gnu.linkonce.d.*)
 .rel.data      0x0000000000000000        0x0 kernel/krnl.o
 *(.rel.tdata .rel.tdata.* .rel.gnu.linkonce.td.*)
 *(.rel.tbss .rel.tbss.* .rel.gnu.linkonce.tb.*)
 *(.rel.ctors)
 *(.rel.dtors)
 *(.rel.got)
 *(.rel.bss .rel.bss.* .rel.gnu.linkonce.b.*)
 *(.rel.ifunc)

.rel.plt        0x0000000008048094        0x0
 *(.rel.plt)
                0x0000000008048094                PROVIDE (__rel_iplt_start, .)
 *(.rel.iplt)
 .rel.iplt      0x0000000000000000        0x0 kernel/krnl.o
                0x0000000008048094                PROVIDE (__rel_iplt_end, .)

.init
 *(.init)

.plt            0x0000000008048094        0x0
 *(.plt)
 *(.iplt)
 .iplt          0x0000000000000000        0x0 kernel/krnl.o

.text           0x0000000000001000    0x10371
 *(.text.unlikely .text.*_unlikely)
 *(.text.exit .text.exit.*)
 *(.text.startup .text.startup.*)
 *(.text.hot .text.hot.*)
 *(.text .stub .text.* .gnu.linkonce.t.*)
 .text          0x0000000000001000     0x4557 kernel/krnl.o
                0x0000000000001000                _start
                0x0000000000001040                hwint00
                0x0000000000001070                hwint01
                0x00000000000010a0                hwint02
                0x00000000000010d0                hwint03
                0x0000000000001100                hwint04
                0x0000000000001130                hwint05
                0x0000000000001160                hwint06
                0x0000000000001190                hwint07
                0x00000000000011c0                hwint08
                0x00000000000011f0                hwint09
                0x0000000000001220                hwint10
                0x0000000000001250                hwint11
                0x0000000000001280                hwint12
                0x00000000000012b0                hwint13
                0x00000000000012e0                hwint14
                0x0000000000001310                hwint15
                0x0000000000001337                divide_error
                0x0000000000001346                single_step_exception
                0x0000000000001355                nmi
                0x0000000000001364                breakpoint_exception
                0x0000000000001373                overflow
                0x0000000000001382                bounds_check
                0x0000000000001391                inval_opcode
                0x00000000000013a0                copr_not_available
                0x00000000000013af                double_fault
                0x00000000000013b9                copr_seg_overrun
                0x00000000000013c8                inval_tss
                0x00000000000013d2                segment_not_present
                0x00000000000013dc                stack_exception
                0x00000000000013e6                general_protection
                0x00000000000013f0                copr_error
                0x0000000000001448                sys_call
                0x000000000000146b                restart
                0x00000000000014a0                disp_str
                0x00000000000014e7                disp_color_str
                0x000000000000152f                out_byte
                0x000000000000153b                in_byte
                0x0000000000001545                port_read
                0x0000000000001558                port_write
                0x000000000000156b                disable_irq
                0x00000000000015a0                enable_irq
                0x00000000000015bf                disable_int
                0x00000000000015c1                enable_int
                0x00000000000015c3                glitter
                0x0000000000001664                hard_reboot
                0x0000000000001670                cstart
                0x00000000000016f4                kernel_main
                0x0000000000001a52                get_ticks
                0x0000000000001a8a                untar
                0x0000000000001d60                shell
                0x0000000000001f60                Init
                0x00000000000020ca                TestA
                0x00000000000020cf                TestB
                0x00000000000020d4                TestC
                0x00000000000020d9                panic
                0x0000000000002124                clock_handler
                0x000000000000219e                milli_delay
                0x00000000000021d9                init_clock
                0x0000000000002240                init_8259A
                0x0000000000002331                spurious_irq
                0x000000000000235c                put_irq_handler
                0x000000000000237c                init_prot
                0x00000000000029d7                seg2linear
                0x0000000000002a26                init_desc
                0x0000000000002a92                exception_handler
                0x0000000000003328                schedule
                0x0000000000003409                do_setuid
                0x0000000000003425                do_getuid
                0x0000000000003439                do_setgid
                0x0000000000003455                do_getgid
                0x0000000000003469                do_geteuid
                0x000000000000347d                do_getegid
                0x0000000000003491                do_nice
                0x00000000000034d3                sys_sendrec
                0x0000000000003631                ldt_seg_linear
                0x0000000000003675                va2la
                0x00000000000036e2                reset_msg
                0x0000000000004713                inform_int
                0x00000000000048bf                dumproc
                0x0000000000004c27                dump_msg
                0x0000000000004d70                task_sys
                0x0000000000005090                in_word
                0x00000000000050bc                out_word
                0x00000000000050de                in_long
                0x0000000000005107                out_long
                0x0000000000005120                get_boot_params
                0x00000000000051c2                get_kernel_map
                0x00000000000052e3                itoa
                0x000000000000538d                disp_int
                0x00000000000053b2                printk
                0x00000000000053f6                delay
                0x000000000000543c                sys_reboot
                0x000000000000544e                do_ftime
                0x0000000000005458                do_mknod
                0x0000000000005462                do_break
                0x000000000000546c                do_ustat
                0x0000000000005476                do_ptrace
                0x0000000000005480                do_stty
                0x000000000000548a                do_gtty
                0x0000000000005494                do_rename
                0x000000000000549e                do_prof
                0x00000000000054a8                do_acct
                0x00000000000054b2                do_phys
                0x00000000000054bc                do_lock
                0x00000000000054c6                do_mpx
                0x00000000000054d0                do_ulimit
                0x00000000000054da                do_stime
                0x00000000000054e4                do_times
                0x00000000000054ee                do_brk
                0x00000000000054f8                do_setpgid
                0x0000000000005502                do_getpgrp
                0x000000000000550c                do_setsid
                0x0000000000005516                do_uname
                0x000000000000554d                do_umask
 *fill*         0x0000000000005557        0x1 90909090
 .text          0x0000000000005558     0x5f47 fs/fs.o
                0x0000000000005558                task_fs
                0x0000000000005827                init_fs
                0x00000000000058c8                mount_root
                0x00000000000063d9                rw_sector
                0x0000000000006485                read_super_block
                0x00000000000065f8                get_super_block
                0x000000000000663f                get_inode
                0x00000000000067bc                put_inode
                0x0000000000006801                sync_inode
                0x0000000000006a5c                do_open
                0x000000000000705e                do_mkdir
                0x00000000000070e8                do_close
                0x000000000000716c                do_lseek
                0x0000000000007229                do_chdir
                0x00000000000072ae                do_chroot
                0x00000000000078ac                do_mount
                0x00000000000078b6                do_umount
                0x00000000000078c0                do_stat
                0x0000000000007ab4                do_rdwt
                0x0000000000008014                do_unlink
                0x0000000000008968                disklog
                0x0000000000008fea                dump_fd_graph
                0x000000000000abac                get_buffer
                0x000000000000ac21                find_buffer
                0x000000000000ac95                sync_buffer
                0x000000000000ac9a                do_sync
                0x000000000000ac9f                free_buffer
                0x000000000000aca4                init_buffer
                0x000000000000ada4                file_open
                0x000000000000afd7                file_read
                0x000000000000b000                file_write
                0x000000000000b02c                namei
                0x000000000000b23b                find_entry
                0x000000000000b358                search_file
                0x000000000000b3df                strip_path
 *fill*         0x000000000000b49f        0x1 90909090
 .text          0x000000000000b4a0     0x11b8 mm/mm.o
                0x000000000000b4a0                page_fault
                0x000000000000b4e8                task_mm
                0x000000000000b7bc                get_user_pages
                0x000000000000b870                free_user_pages
                0x000000000000b8c2                alloc_mem
                0x000000000000b94b                free_mem
                0x000000000000b958                do_fork
                0x000000000000bd50                do_exit
                0x000000000000bf25                do_wait
                0x000000000000bfe0                do_exec
                0x000000000000c390                wp_page
                0x000000000000c395                no_page
                0x000000000000c39c                do_sigaction
                0x000000000000c4f4                do_alarm
                0x000000000000c5b0                do_kill
                0x000000000000c629                do_raise
 .text          0x000000000000c658     0x3f59 drivers/drivers.o
                0x000000000000c658                task_fd
                0x000000000000cede                fd_handler
                0x000000000000cef2                do_fd_request
                0x000000000000cef7                init_fd
                0x000000000000cf64                task_hd
                0x000000000000d043                do_hd_request
                0x000000000000ddd8                hd_handler
                0x000000000000de00                task_rd
                0x000000000000dea3                do_rd_request
                0x000000000000dfcb                init_rd
                0x000000000000e01d                rd_load_image
                0x000000000000e1f8                add_request
                0x000000000000e2a0                task_scsi
                0x000000000000e338                scsi_handler
                0x000000000000e33d                do_scsi_request
                0x000000000000e342                init_scsi
                0x000000000000e348                init_screen
                0x000000000000e4d7                out_char
                0x000000000000e85f                is_current_console
                0x000000000000f041                select_console
                0x000000000000f078                scroll_screen
                0x000000000000f2dc                keyboard_handler
                0x000000000000f345                init_keyboard
                0x000000000000f400                keyboard_read
                0x000000000000f9bc                task_tty
                0x000000000000fb73                in_process
                0x00000000000100c2                sys_printx
                0x0000000000010268                dump_tty_buf
                0x00000000000103cc                task_inet
                0x00000000000103d4                task_pci
                0x00000000000104c0                pci_init
                0x00000000000104d4                dev_driver_task
 *fill*         0x00000000000105b1        0x3 90909090
 .text          0x00000000000105b4       0x78 lib/syslog.o
                0x00000000000105b4                syslog
 *fill*         0x000000000001062c        0x4 90909090
 .text          0x0000000000010630       0xc7 lib/lyoscrt.a(x86_lib.o)
                0x0000000000010630                sendrec
                0x000000000001064a                printx
                0x0000000000010658                reboot
                0x0000000000010670                memcpy
                0x000000000001069f                memset
                0x00000000000106c6                strcpy
                0x00000000000106de                strlen
 *fill*         0x00000000000106f7        0x1 90909090
 .text          0x00000000000106f8       0xc6 lib/lyoscrt.a(printf.o)
                0x00000000000106f8                printf
                0x000000000001077a                printl
 *fill*         0x00000000000107be        0x2 90909090
 .text          0x00000000000107c0      0x31d lib/lyoscrt.a(vsprintf.o)
                0x000000000001082b                vsprintf
                0x0000000000010ab3                sprintf
 *fill*         0x0000000000010add        0x3 90909090
 .text          0x0000000000010ae0      0x257 lib/lyoscrt.a(misc.o)
                0x0000000000010ae0                send_recv
                0x0000000000010bc7                memcmp
                0x0000000000010c41                strcmp
                0x0000000000010cb8                strcat
                0x0000000000010d17                spin
                0x0000000000010d32                assertion_failure
 *fill*         0x0000000000010d37        0x1 90909090
 .text          0x0000000000010d38       0xe2 lib/lyoscrt.a(open.o)
                0x0000000000010d38                open
                0x0000000000010dab                mkdir
 *fill*         0x0000000000010e1a        0x2 90909090
 .text          0x0000000000010e1c       0x3f lib/lyoscrt.a(read.o)
                0x0000000000010e1c                read
 *fill*         0x0000000000010e5b        0x1 90909090
 .text          0x0000000000010e5c       0x3f lib/lyoscrt.a(write.o)
                0x0000000000010e5c                write
 *fill*         0x0000000000010e9b        0x1 90909090
 .text          0x0000000000010e9c       0x33 lib/lyoscrt.a(close.o)
                0x0000000000010e9c                close
 *fill*         0x0000000000010ecf        0x1 90909090
 .text          0x0000000000010ed0       0x3f lib/lyoscrt.a(lseek.o)
                0x0000000000010ed0                lseek
 *fill*         0x0000000000010f0f        0x1 90909090
 .text          0x0000000000010f10       0x59 lib/lyoscrt.a(getpid.o)
                0x0000000000010f10                getpid
 *fill*         0x0000000000010f69        0x3 90909090
 .text          0x0000000000010f6c       0x73 lib/lyoscrt.a(stat.o)
                0x0000000000010f6c                stat
 *fill*         0x0000000000010fdf        0x1 90909090
 .text          0x0000000000010fe0       0x84 lib/lyoscrt.a(fork.o)
                0x0000000000010fe0                fork
 .text          0x0000000000011064       0x44 lib/lyoscrt.a(wait.o)
                0x0000000000011064                wait
 .text          0x00000000000110a8      0x262 lib/lyoscrt.a(exec.o)
                0x00000000000110a8                exec
                0x0000000000011123                execl
                0x0000000000011149                execv
 *fill*         0x000000000001130a        0x2 90909090
 .text          0x000000000001130c       0x65 lib/lyoscrt.a(uname.o)
                0x000000000001130c                uname
 *(.gnu.warning)

.fini
 *(.fini)
                0x0000000000011371                PROVIDE (__etext, .)
                0x0000000000011371                PROVIDE (_etext, .)
                0x0000000000011371                PROVIDE (etext, .)

.rodata         0x0000000000011374     0x240b
 *(.rodata .rodata.* .gnu.linkonce.r.*)
 .rodata        0x0000000000011374      0x83a kernel/krnl.o
                0x0000000000011554                FSBUF_SIZE
                0x0000000000011558                MMBUF_SIZE
                0x000000000001155c                LOGBUF_SIZE
                0x0000000000011560                LOGDISKBUF_SIZE
 *fill*         0x0000000000011bae        0x2 00
 .rodata        0x0000000000011bb0     0x1022 fs/fs.o
 *fill*         0x0000000000012bd2        0x2 00
 .rodata        0x0000000000012bd4      0x2b0 mm/mm.o
 .rodata        0x0000000000012e84      0x738 drivers/drivers.o
 .rodata        0x00000000000135bc       0x1e lib/syslog.o
 .rodata        0x00000000000135da       0x10 lib/lyoscrt.a(printf.o)
 *fill*         0x00000000000135ea        0x2 00
 .rodata        0x00000000000135ec       0x5f lib/lyoscrt.a(misc.o)
 .rodata        0x000000000001364b       0x1f lib/lyoscrt.a(open.o)
 .rodata        0x000000000001366a       0x21 lib/lyoscrt.a(getpid.o)
 .rodata        0x000000000001368b       0x1f lib/lyoscrt.a(stat.o)
 .rodata        0x00000000000136aa       0x2f lib/lyoscrt.a(fork.o)
 *fill*         0x00000000000136d9        0x3 00
 .rodata        0x00000000000136dc       0x83 lib/lyoscrt.a(exec.o)
 .rodata        0x000000000001375f       0x20 lib/lyoscrt.a(uname.o)

.rodata1
 *(.rodata1)

.eh_frame_hdr
 *(.eh_frame_hdr)

.eh_frame
 *(.eh_frame)

.gcc_except_table
 *(.gcc_except_table .gcc_except_table.*)
                0x000000000001377f                . = (ALIGN (0x1000) - ((0x1000 - .) & 0xfff))
                0x000000000001477f                . = DATA_SEGMENT_ALIGN (0x1000, 0x1000)

.eh_frame
 *(.eh_frame)

.gcc_except_table
 *(.gcc_except_table .gcc_except_table.*)

.tdata
 *(.tdata .tdata.* .gnu.linkonce.td.*)

.tbss
 *(.tbss .tbss.* .gnu.linkonce.tb.*)
 *(.tcommon)

.preinit_array  0x000000000001477f        0x0
                0x000000000001477f                PROVIDE (__preinit_array_start, .)
 *(.preinit_array)
                0x000000000001477f                PROVIDE (__preinit_array_end, .)

.init_array     0x000000000001477f        0x0
                0x000000000001477f                PROVIDE (__init_array_start, .)
 *(SORT(.init_array.*))
 *(.init_array)
                0x000000000001477f                PROVIDE (__init_array_end, .)

.fini_array     0x000000000001477f        0x0
                0x000000000001477f                PROVIDE (__fini_array_start, .)
 *(SORT(.fini_array.*))
 *(.fini_array)
                0x000000000001477f                PROVIDE (__fini_array_end, .)

.ctors
 *crtbegin.o(.ctors)
 *crtbegin?.o(.ctors)
 *(EXCLUDE_FILE(*crtend?.o *crtend.o) .ctors)
 *(SORT(.ctors.*))
 *(.ctors)

.dtors
 *crtbegin.o(.dtors)
 *crtbegin?.o(.dtors)
 *(EXCLUDE_FILE(*crtend?.o *crtend.o) .dtors)
 *(SORT(.dtors.*))
 *(.dtors)

.jcr
 *(.jcr)

.data.rel.ro
 *(.data.rel.ro.local* .gnu.linkonce.d.rel.ro.local.*)
 *(.data.rel.ro* .gnu.linkonce.d.rel.ro.*)

.dynamic
 *(.dynamic)

.got
 *(.got)
 *(.igot)
                0x000000000001477f                . = DATA_SEGMENT_RELRO_END (., 0xc)

.got.plt        0x0000000000014780        0x0
 *(.got.plt)
 *(.igot.plt)
 .igot.plt      0x0000000000000000        0x0 kernel/krnl.o

.data           0x0000000000014780      0xa24
 *(.data .data.* .gnu.linkonce.d.*)
 .data          0x0000000000014780      0x2f8 kernel/krnl.o
                0x00000000000147a0                ROOT_DEV
                0x00000000000147c0                task_table
                0x0000000000014960                user_proc_table
                0x0000000000014a00                sys_call_table
                0x0000000000014a20                thisname
                0x0000000000014a4d                dd_map
                0x0000000000014a68                fsbuf
                0x0000000000014a6c                mmbuf
                0x0000000000014a70                logbuf
                0x0000000000014a74                logdiskbuf
 .data          0x0000000000014a78        0x5 fs/fs.o
                0x0000000000014a78                dot1
                0x0000000000014a7a                dot2
 *fill*         0x0000000000014a7d        0x3 00
 .data          0x0000000000014a80        0x0 mm/mm.o
 .data          0x0000000000014a80      0x724 drivers/drivers.o
                0x0000000000014b60                floppy_buffer
                0x0000000000014b64                hd_driver
                0x0000000000014b80                keymap
 .data          0x00000000000151a4        0x0 lib/syslog.o
 .data          0x00000000000151a4        0x0 lib/lyoscrt.a(printf.o)
 .data          0x00000000000151a4        0x0 lib/lyoscrt.a(vsprintf.o)
 .data          0x00000000000151a4        0x0 lib/lyoscrt.a(misc.o)
 .data          0x00000000000151a4        0x0 lib/lyoscrt.a(open.o)
 .data          0x00000000000151a4        0x0 lib/lyoscrt.a(read.o)
 .data          0x00000000000151a4        0x0 lib/lyoscrt.a(write.o)
 .data          0x00000000000151a4        0x0 lib/lyoscrt.a(close.o)
 .data          0x00000000000151a4        0x0 lib/lyoscrt.a(lseek.o)
 .data          0x00000000000151a4        0x0 lib/lyoscrt.a(getpid.o)
 .data          0x00000000000151a4        0x0 lib/lyoscrt.a(stat.o)
 .data          0x00000000000151a4        0x0 lib/lyoscrt.a(fork.o)
 .data          0x00000000000151a4        0x0 lib/lyoscrt.a(wait.o)
 .data          0x00000000000151a4        0x0 lib/lyoscrt.a(exec.o)
 .data          0x00000000000151a4        0x0 lib/lyoscrt.a(uname.o)

.data1
 *(.data1)
                0x00000000000151a4                _edata = .
                0x00000000000151a4                PROVIDE (edata, .)
                0x00000000000151a4                __bss_start = .

.bss            0x00000000000151c0    0x4998c
 *(.dynbss)
 *(.bss .bss.* .gnu.linkonce.b.*)
 .bss           0x00000000000151c0      0x800 kernel/krnl.o
 .bss           0x00000000000159c0      0x208 fs/fs.o
 .bss           0x0000000000015bc8        0xc mm/mm.o
 *fill*         0x0000000000015bd4        0xc 00
 .bss           0x0000000000015be0      0x6f8 drivers/drivers.o
                0x0000000000016240                blk_dev_table
 .bss           0x00000000000162d8        0x0 lib/syslog.o
 .bss           0x00000000000162d8        0x0 lib/lyoscrt.a(printf.o)
 .bss           0x00000000000162d8        0x0 lib/lyoscrt.a(vsprintf.o)
 .bss           0x00000000000162d8        0x0 lib/lyoscrt.a(misc.o)
 .bss           0x00000000000162d8        0x0 lib/lyoscrt.a(open.o)
 .bss           0x00000000000162d8        0x0 lib/lyoscrt.a(read.o)
 .bss           0x00000000000162d8        0x0 lib/lyoscrt.a(write.o)
 .bss           0x00000000000162d8        0x0 lib/lyoscrt.a(close.o)
 .bss           0x00000000000162d8        0x0 lib/lyoscrt.a(lseek.o)
 .bss           0x00000000000162d8        0x0 lib/lyoscrt.a(getpid.o)
 .bss           0x00000000000162d8        0x0 lib/lyoscrt.a(stat.o)
 .bss           0x00000000000162d8        0x0 lib/lyoscrt.a(fork.o)
 .bss           0x00000000000162d8        0x0 lib/lyoscrt.a(wait.o)
 .bss           0x00000000000162d8        0x0 lib/lyoscrt.a(exec.o)
 .bss           0x00000000000162d8        0x0 lib/lyoscrt.a(uname.o)
 *(COMMON)
 *fill*         0x00000000000162d8        0x8 00
 COMMON         0x00000000000162e0    0x48840 kernel/krnl.o
                0x00000000000162e0                rd_length
                0x00000000000162e4                idt_ptr
                0x0000000000016300                inode_table
                0x0000000000016e00                task_stack
                0x0000000000052e00                errno
                0x0000000000052e04                mem_start
                0x0000000000052e08                k_reenter
                0x0000000000052e0c                buffer_base
                0x0000000000052e20                gdt
                0x0000000000053220                current_console
                0x0000000000053224                pcaller
                0x0000000000053240                tty_table
                0x0000000000053f14                buffer_length
                0x0000000000053f20                tss
                0x0000000000053fa0                fs_msg
                0x0000000000053fd0                memory_size
                0x0000000000053fe0                f_desc_table
                0x00000000000544e0                root_inode
                0x00000000000544e4                current
                0x00000000000544e8                disp_pos
                0x0000000000054500                mm_msg
                0x0000000000054530                key_pressed
                0x0000000000054540                buffer_table
                0x0000000000055954                gdt_ptr
                0x000000000005595c                kernel_addr
                0x0000000000055960                jiffies
                0x0000000000055980                idt
                0x0000000000056180                super_block
                0x0000000000056360                console_table
                0x00000000000563e0                rd_base
                0x0000000000056400                irq_table
                0x0000000000056440                proc_table
                0x000000000005eb1c                nr_buffer
 COMMON         0x000000000005eb20       0x10 fs/fs.o
                0x000000000005eb20                PARTITION_ENTRY
 COMMON         0x000000000005eb30       0x1c drivers/drivers.o
                0x000000000005eb30                reply
                0x000000000005eb37                selected
                0x000000000005eb38                motor
                0x000000000005eb3c                drive_type
                0x000000000005eb4c                . = ALIGN ((. != 0x0)?0x4:0x1)
                0x000000000005eb4c                . = ALIGN (0x4)
                0x000000000005eb4c                . = ALIGN (0x4)
                0x000000000005eb4c                _end = .
                0x000000000005eb4c                PROVIDE (end, .)
                0x000000000005eb4c                . = DATA_SEGMENT_END (.)

.stab
 *(.stab)

.stabstr
 *(.stabstr)

.stab.excl
 *(.stab.excl)

.stab.exclstr
 *(.stab.exclstr)

.stab.index
 *(.stab.index)

.stab.indexstr
 *(.stab.indexstr)

.comment        0x0000000000000000      0x369
 *(.comment)
 .comment       0x0000000000000000      0x20b kernel/krnl.o
 .comment       0x000000000000020b       0x2a fs/fs.o
                                        0x183 (size before relaxing)
 .comment       0x0000000000000235       0xf6 mm/mm.o
 .comment       0x0000000000000000      0x1d9 drivers/drivers.o
 .comment       0x0000000000000000       0x2b lib/syslog.o
 .comment       0x000000000000032b       0x3e lib/lyoscrt.a(x86_lib.o)
 .comment       0x0000000000000000       0x2b lib/lyoscrt.a(printf.o)
 .comment       0x0000000000000000       0x2b lib/lyoscrt.a(vsprintf.o)
 .comment       0x0000000000000000       0x2b lib/lyoscrt.a(misc.o)
 .comment       0x0000000000000000       0x2b lib/lyoscrt.a(open.o)
 .comment       0x0000000000000000       0x2b lib/lyoscrt.a(read.o)
 .comment       0x0000000000000000       0x2b lib/lyoscrt.a(write.o)
 .comment       0x0000000000000000       0x2b lib/lyoscrt.a(close.o)
 .comment       0x0000000000000000       0x2b lib/lyoscrt.a(lseek.o)
 .comment       0x0000000000000000       0x2b lib/lyoscrt.a(getpid.o)
 .comment       0x0000000000000000       0x2b lib/lyoscrt.a(stat.o)
 .comment       0x0000000000000000       0x2b lib/lyoscrt.a(fork.o)
 .comment       0x0000000000000000       0x2b lib/lyoscrt.a(wait.o)
 .comment       0x0000000000000000       0x2b lib/lyoscrt.a(exec.o)
 .comment       0x0000000000000000       0x2b lib/lyoscrt.a(uname.o)

.debug
 *(.debug)

.line
 *(.line)

.debug_srcinfo
 *(.debug_srcinfo)

.debug_sfnames
 *(.debug_sfnames)

.debug_aranges
 *(.debug_aranges)

.debug_pubnames
 *(.debug_pubnames)

.debug_info
 *(.debug_info .gnu.linkonce.wi.*)

.debug_abbrev
 *(.debug_abbrev)

.debug_line
 *(.debug_line)

.debug_frame
 *(.debug_frame)

.debug_str
 *(.debug_str)

.debug_loc
 *(.debug_loc)

.debug_macinfo
 *(.debug_macinfo)

.debug_weaknames
 *(.debug_weaknames)

.debug_funcnames
 *(.debug_funcnames)

.debug_typenames
 *(.debug_typenames)

.debug_varnames
 *(.debug_varnames)

.debug_pubtypes
 *(.debug_pubtypes)

.debug_ranges
 *(.debug_ranges)

.gnu.attributes
 *(.gnu.attributes)

/DISCARD/
 *(.note.GNU-stack)
 *(.gnu_debuglink)
 *(.gnu.lto_*)
OUTPUT(kernel.bin elf32-i386)
